T064C 000:001.003   SEGGER J-Link V7.92c Log File
T064C 000:001.660   DLL Compiled: Aug 30 2023 14:52:37
T064C 000:001.732   Logging started @ 2024-07-26 12:46
T064C 000:001.793 - 1.785ms
T064C 000:001.868 JLINK_GetDLLVersion()
T064C 000:001.928 - 0.056ms returns 79203
T064C 000:003.620 JLINK_OpenEx(...)
T064C 000:024.724   Firmware: J-Link V11 compiled May 28 2024 15:36:02
T064C 000:025.220   Firmware: J-Link V11 compiled May 28 2024 15:36:02
T064C 000:030.100   Hardware: V11.00
T064C 000:030.211   S/N: 821012647
T064C 000:030.261   OEM: SEGGER
T064C 000:030.314   Feature(s): GDB
T064C 000:033.355   Bootloader: 2019 Jul 04
T064C 000:034.098   USB speed mode: High speed (480 MBit/s)
T064C 000:034.583   TELNET listener socket opened on port 19021
T064C 000:034.845   WEBSRV WEBSRV_Init(): Starting webserver thread(s)
T064C 000:040.778   WEBSRV Webserver running on local port 19080
T064C 000:041.019   Looking for J-Link GUI Server exe at: C:\Users\nicul\.eclipse\com.renesas.platform_1435879475\DebugComp\RZ\ARM\Segger_v7.92.3\JLinkGUIServer.exe
T064C 000:041.218   Looking for J-Link GUI Server exe at: C:\Program Files\SEGGER\JLink_V796i\JLinkGUIServer.exe
T064C 000:041.362   Forking J-Link GUI Server: C:\Program Files\SEGGER\JLink_V796i\JLinkGUIServer.exe
T064C 000:116.483   J-Link GUI Server info: "J-Link GUI server V7.96i "
T064C 000:119.621 - 115.994ms returns "O.K."
T064C 000:119.965 JLINK_ExecCommand("ProjectFile=C:\Users\nicul\e2_studio\workspace\fsp2\RZ_Feather\RZA3UL_Feather_4DSystemScreen/RZA3UL_Feather_4DSystemScreen Debug_Flat.jlink", ...). 
T064C 000:173.348 - 53.393ms returns 0x00
T064C 000:174.308 JLINK_ExecCommand("device=R9A07G063U01GBG?BankAddr=0x20000000&Loader=QuadSPI", ...). 
T064C 000:174.369   Flash bank @ 0x20000000: Stored loader selection. Loader = QuadSPI
T064C 000:175.741   Device "R9A07G063U01GBG" selected.
T064C 000:181.202 - 6.840ms returns 0x00
T064C 000:181.320 JLINK_ExecCommand("SetCPUConnectIDCODE = FFFFFFFFFFFFFFFFFFFFFFFFFFFFFFFF", ...). 
T064C 000:181.360 - 0.006ms returns 0x00
T064C 000:181.386 JLINK_TIF_GetAvailable(...)
T064C 000:181.571 - 0.183ms
T064C 000:181.607 JLINK_TIF_Select(JLINKARM_TIF_JTAG)
T064C 000:206.741 - 25.133ms returns 0x00
T064C 000:206.833 JLINK_SetSpeed(15000)
T064C 000:206.963 - 0.131ms
T064C 000:207.012 JLINK_SetEndian(ARM_ENDIAN_LITTLE)
T064C 000:207.042 - 0.030ms returns 0
T064C 000:207.703 JLINK_SetInitRegsOnReset(OFF)
T064C 000:207.766 - 0.067ms returns 1
T064C 000:207.798 JLINK_SetResetType(JLINKARM_RESET_TYPE_NORMAL)
T064C 000:207.828 - 0.029ms returns JLINKARM_RESET_TYPE_NORMAL
T064C 000:207.859 JLINK_ExecCommand("EnableFlashBPs", ...). 
T064C 000:207.891 - 0.000ms returns 0x00
T064C 000:207.923 JLINK_ExecCommand("SetAllowFlashCache = 1", ...). 
T064C 000:207.954 - 0.001ms returns 0x01
T064C 000:207.985 JLINK_ExecCommand("SetRestartOnClose = 0", ...). 
T064C 000:208.017 - 0.001ms returns 0x01
T064C 000:208.050 JLINK_EnableSoftBPs(ON)
T064C 000:208.078 - 0.028ms
T064C 000:208.107 JLINK_Connect()
T064C 000:227.652   TotalIRLen = 4, IRPrint = 0x01
T064C 000:263.054   JTAG chain detection found 1 devices:
T064C 000:263.163    #0 Id: 0x6BA00477, IRLen: 04, CoreSight JTAG-DP
T064C 000:264.169   DPv0 detected
T064C 000:264.234   Scanning AP map to find all available APs
T064C 000:266.032   AP[4]: Stopped AP scan as end of AP map has been reached
T064C 000:266.106   AP[0]: APB-AP (IDR: 0x54770002)
T064C 000:266.148   AP[1]: AXI-AP (IDR: 0x44770004)
T064C 000:266.188   AP[2]: AHB-AP (IDR: 0x84770001)
T064C 000:266.229   AP[3]: AHB-AP (IDR: 0x84770001)
T064C 000:266.270   Iterating through AP map to find APB-AP to use
T064C 000:266.310   AP[0]: APB-AP found
T064C 000:266.351   No AP map specified by user. Setting auto-detected AP map.
T064C 000:266.555   Scanning ROMTbl @ 0x10C00000
T064C 000:267.748   [0]Comp[0] @ 0x10C10000: TSG
T064C 000:268.394   [0]Comp[1] @ 0x10C20000: TMC
T064C 000:269.145   [0]Comp[2] @ 0x10C30000: ETB
T064C 000:269.895   [0]Comp[3] @ 0x10C40000: CSTF
T064C 000:270.646   [0]Comp[4] @ 0x10C50000: CTI (?)
T064C 000:271.155   [0]Comp[5] @ 0x10C60000: CTI (?)
T064C 000:271.644   [0]Comp[6] @ 0x10E00000: ROM Table
T064C 000:271.693   Scanning ROMTbl @ 0x10E00000
T064C 000:272.770   [1]Comp[0] @ 0x10E10000: Cortex-A55
T064C 000:273.269   [1]Comp[1] @ 0x10E20000: CSS600-CTI
T064C 000:273.317   Core found. Stopped ROM table scan: https://wiki.segger.com/ROMTableScan
T064C 000:273.360   Cortex-A55 @ 0x10E10000 (detected)
T064C 000:273.397   CoreCTI @ 0x10E20000 (detected)
T064C 000:273.714   Debug architecture: ARMv8.2
T064C 000:273.762   6 code breakpoints, 4 data breakpoints
T064C 000:273.938   Processor features:
T064C 000:273.984     EL0 support: AArch64 + AArch32
T064C 000:274.019     EL1 support: AArch64 + AArch32
T064C 000:274.053     EL2 support: AArch64 + AArch32
T064C 000:274.087     EL3 support: AArch64 + AArch32
T064C 000:274.121     FPU support: Single + Double + Conversion + single arithmetic
T064C 000:274.475   -- Max. mem block: 0x00004E40
T064C 000:287.098   Current exception level: EL3
T064C 000:287.175   Exception level AArch usage:
T064C 000:287.210     EL0: AArch32
T064C 000:287.245     EL1: AArch32
T064C 000:287.279     EL2: AArch32
T064C 000:287.313     EL3: AArch64
T064C 000:287.347   Non-secure status: Secure
T064C 000:287.555   Cache info:
T064C 000:287.607     Inner cache boundary: L2
T064C 000:287.642     LoU Uniprocessor: 0
T064C 000:287.676     LoC: 2
T064C 000:287.710     LoU Inner Shareable: 0
T064C 000:288.252   I-Cache L1: 32 KB, 128 Sets, 64 Bytes/Line, 4-Way
T064C 000:288.298   D-Cache L1: 32 KB, 128 Sets, 64 Bytes/Line, 4-Way
T064C 000:288.334   Unified-Cache L2: 256 KB, 256 Sets, 64 Bytes/Line, 16-Way
T064C 000:288.580   VMSAv8-64: Supports 48-bit VAs
T064C 000:288.652 - 80.544ms returns 0x00
T064C 000:288.690 JLINK_Halt()
T064C 000:288.720 - 0.030ms returns 0x00
T064C 000:288.749 JLINK_IsHalted()
T064C 000:288.780 - 0.030ms returns TRUE
T064C 000:288.811 JLINK_ResetPullsRESET(ON)
T064C 000:288.835 - 0.024ms
T064C 000:288.863 JLINK_Reset()
T064C 000:409.726   Reset confused the core.
T064C 000:410.390   Disabled core power domain detected.
T064C 000:411.509   
  ***** Warning: 
T064C 000:411.556   CPU not halted after Reset, halting using Halt request
T064C 000:416.791 - 127.927ms
T064C 000:417.519 JLINK_IsHalted()
T064C 000:417.571 - 0.051ms returns TRUE
T064C 000:417.963 JLINK_MeasureCPUSpeed(RAMAddr = 0xFFFFFFFF)
T064C 000:418.004 - 0.040ms returns 0
T064C 000:418.216 JLINK_ReadRegs_64(NumRegs = 1, Indexes: 
T064C 000:418.249   41)
T064C 000:418.289    -- CPSR=0x400003CD
T064C 000:418.325 - 0.108ms returns 0
T2EE0 002:745.727 JLINK_BeginDownload(Flags = 0x00000000)
T2EE0 002:745.888 - 0.162ms
T2EE0 002:767.753 JLINK_WriteMem(0x20000000, 0xBD0 Bytes, ...)
T2EE0 002:767.865   Data:  44 66 00 00 FF FF FF FF FF FF FF FF FF FF FF FF ...
T2EE0 002:768.333   completely In flash
T2EE0 002:768.412 - 0.660ms returns 0xBD0
T2EE0 002:769.584 JLINK_WriteMem(0x20000BD0, 0xBC0 Bytes, ...)
T2EE0 002:769.706   Data:  E3 03 00 2A 80 01 00 35 D4 6A 33 F8 F5 02 00 F9 ...
T2EE0 002:769.766   completely In flash
T2EE0 002:769.819 - 0.236ms returns 0xBC0
T2EE0 002:770.592 JLINK_WriteMem(0x20001790, 0xBC0 Bytes, ...)
T2EE0 002:770.686   Data:  E8 01 00 54 E0 83 00 91 9D FD FF 97 E0 13 40 F9 ...
T2EE0 002:770.745   completely In flash
T2EE0 002:770.797 - 0.207ms returns 0xBC0
T2EE0 002:771.566 JLINK_WriteMem(0x20002350, 0xBA0 Bytes, ...)
T2EE0 002:771.671   Data:  FD 7B BF A9 FD 03 00 91 01 04 40 F9 21 00 40 B9 ...
T2EE0 002:771.837   completely In flash
T2EE0 002:771.894 - 0.329ms returns 0xBA0
T2EE0 002:772.643 JLINK_WriteMem(0x20002EF0, 0xBC0 Bytes, ...)
T2EE0 002:772.734   Data:  EE FF FF 17 22 00 80 52 F7 FF FF 17 7F 04 16 72 ...
T2EE0 002:772.794   completely In flash
T2EE0 002:772.845 - 0.202ms returns 0xBC0
T2EE0 002:773.515 JLINK_WriteMem(0x20003AB0, 0xBB0 Bytes, ...)
T2EE0 002:773.594   Data:  F3 53 41 A9 F5 5B 42 A9 FD 7B C3 A8 C0 03 5F D6 ...
T2EE0 002:773.650   completely In flash
T2EE0 002:773.702 - 0.188ms returns 0xBB0
T2EE0 002:774.256 JLINK_WriteMem(0x20004660, 0xBE0 Bytes, ...)
T2EE0 002:774.320   Data:  00 00 00 00 00 00 00 00 00 00 00 00 00 00 00 00 ...
T2EE0 002:774.375   completely In flash
T2EE0 002:774.428 - 0.172ms returns 0xBE0
T2EE0 002:774.943 JLINK_WriteMem(0x20005240, 0xBE0 Bytes, ...)
T2EE0 002:774.993   Data:  00 00 00 00 00 00 00 00 00 00 00 00 00 00 00 00 ...
T2EE0 002:775.039   completely In flash
T2EE0 002:775.082 - 0.139ms returns 0xBE0
T2EE0 002:775.561 JLINK_WriteMem(0x20005E20, 0xA24 Bytes, ...)
T2EE0 002:775.612   Data:  00 00 00 00 00 00 00 00 00 00 00 00 00 00 00 00 ...
T2EE0 002:775.671   completely In flash
T2EE0 002:775.717 - 0.155ms returns 0xA24
T2EE0 002:781.057 JLINK_WriteMem(0x20020000, 0xBE0 Bytes, ...)
T2EE0 002:781.152   Data:  00 08 02 20 00 00 00 00 FF F7 FD DF FF FF FF FF ...
T2EE0 002:781.211   completely In flash
T2EE0 002:781.254 - 0.197ms returns 0xBE0
T2EE0 002:781.845 JLINK_WriteMem(0x20020BE0, 0xBE0 Bytes, ...)
T2EE0 002:781.928   Data:  00 00 00 00 00 00 00 00 00 00 00 00 00 00 00 00 ...
T2EE0 002:781.976   completely In flash
T2EE0 002:782.016 - 0.171ms returns 0xBE0
T2EE0 002:782.639 JLINK_WriteMem(0x200217C0, 0xBD0 Bytes, ...)
T2EE0 002:782.714   Data:  1F 20 03 D5 1F 20 03 D5 1F 20 03 D5 1F 20 03 D5 ...
T2EE0 002:782.760   completely In flash
T2EE0 002:782.800 - 0.162ms returns 0xBD0
T2EE0 002:783.383 JLINK_WriteMem(0x20022390, 0xBD0 Bytes, ...)
T2EE0 002:783.445   Data:  DB FF FF 17 00 00 00 90 00 F0 41 F9 21 00 80 52 ...
T2EE0 002:783.500   completely In flash
T2EE0 002:783.542 - 0.159ms returns 0xBD0
T2EE0 002:784.059 JLINK_WriteMem(0x20022F60, 0xBE0 Bytes, ...)
T2EE0 002:784.121   Data:  60 02 40 79 00 3C 00 12 00 00 1C 52 1F 20 21 6B ...
T2EE0 002:784.201   completely In flash
T2EE0 002:784.245 - 0.186ms returns 0xBE0
T2EE0 002:784.836 JLINK_WriteMem(0x20023B40, 0xBC0 Bytes, ...)
T2EE0 002:784.902   Data:  20 00 80 52 60 C2 07 39 7F 0A 00 79 7F 06 00 79 ...
T2EE0 002:784.947   completely In flash
T2EE0 002:784.987 - 0.151ms returns 0xBC0
T2EE0 002:785.542 JLINK_WriteMem(0x20024700, 0xBB0 Bytes, ...)
T2EE0 002:785.601   Data:  80 02 40 39 D6 22 C0 1A D6 42 16 2A 20 20 A2 D2 ...
T2EE0 002:785.654   completely In flash
T2EE0 002:785.695 - 0.154ms returns 0xBB0
T2EE0 002:786.274 JLINK_WriteMem(0x200252B0, 0xBA0 Bytes, ...)
T2EE0 002:786.369   Data:  E0 BF 41 39 1F 04 00 71 00 01 00 54 F3 53 41 A9 ...
T2EE0 002:786.417   completely In flash
T2EE0 002:786.458 - 0.184ms returns 0xBA0
T2EE0 002:786.951 JLINK_WriteMem(0x20025E50, 0xBC0 Bytes, ...)
T2EE0 002:787.000   Data:  41 00 A0 52 01 78 05 B9 21 20 A2 D2 21 F8 46 B9 ...
T2EE0 002:787.070   completely In flash
T2EE0 002:787.113 - 0.162ms returns 0xBC0
T2EE0 002:787.545 JLINK_WriteMem(0x20026A10, 0xBA0 Bytes, ...)
T2EE0 002:787.588   Data:  E7 20 C2 1A 11 21 C2 1A 4B 01 09 2A 6B 01 07 2A ...
T2EE0 002:787.632   completely In flash
T2EE0 002:787.673 - 0.127ms returns 0xBA0
T2EE0 002:788.052 JLINK_WriteMem(0x200275B0, 0xBE0 Bytes, ...)
T2EE0 002:788.094   Data:  20 74 69 6D 65 72 20 2A 2A 0A 00 00 00 00 00 00 ...
T2EE0 002:788.141   completely In flash
T2EE0 002:788.181 - 0.129ms returns 0xBE0
T2EE0 002:788.555 JLINK_WriteMem(0x20028190, 0xBE0 Bytes, ...)
T2EE0 002:788.596   Data:  00 00 00 00 00 00 00 00 00 00 00 00 00 00 00 00 ...
T2EE0 002:788.636   completely In flash
T2EE0 002:788.674 - 0.119ms returns 0xBE0
T2EE0 002:788.973 JLINK_WriteMem(0x20028D70, 0x730 Bytes, ...)
T2EE0 002:789.013   Data:  B8 6C 02 20 00 00 00 00 B8 6C 02 20 00 00 00 00 ...
T2EE0 002:789.052   completely In flash
T2EE0 002:789.091 - 0.117ms returns 0x730
T2EE0 002:809.411 JLINK_EndDownload()
T2EE0 002:809.737    -- --------------------------------------
T2EE0 002:809.817    -- Flash bank @ 0x20000000: Default: L2 verify disabled because algorithm performs L1 verify
T2EE0 002:809.861    -- Start of determining dirty areas in flash cache
T2EE0 002:809.932    -- Filling invalid ranges in sector buffer (flash cache) for sector @ 0x20000000 if necessary
T2EE0 002:809.986    -- Filling invalid ranges in sector buffer (flash cache) for sector @ 0x20020000 if necessary
T2EE0 002:812.499    -- End of determining dirty areas
T2EE0 002:812.610    -- Start of preparing flash programming
T2EE0 002:812.646    -- Calculating RAM usage
T2EE0 002:812.822    -- RAM usage = 20656 Bytes
T2EE0 002:812.861    -- Preserving CPU registers
T2EE0 002:812.928    -- Preparing target
T2EE0 002:812.967    -- Preserving target RAM temporarily used for programming
T2EE0 002:924.616    -- Downloading RAMCode
T2EE0 002:947.418    -- Preparing RAMCode
T2EE0 002:955.001    -- End of preparing flash programming
T2EE0 002:984.341    -- CPU speed could not be measured.
T2EE0 002:984.452    -- Start of comparing flash
T2EE0 002:984.489    -- CRC check was estimated as fastest method
T2EE0 003:040.526    -- Comparing range 0x20000000 - 0x2000FFFF (1 Sector, 64 KB), using single-block CRC calculation
T2EE0 003:148.867    -- CRC matches
T2EE0 003:149.522    -- Comparing range 0x20020000 - 0x2002FFFF (1 Sector, 64 KB), using single-block CRC calculation
T2EE0 003:251.178    -- CRC does not match for sector 2
T2EE0 003:251.607    -- Comparing range 0x20000000 - 0x2000FFFF (1 Sector, 64 KB), using alternative single-block CRC calculation
T2EE0 003:353.840    -- CRC matches
T2EE0 003:353.961    -- End of comparing flash
T2EE0 003:354.001    -- Start of erasing sectors
T2EE0 003:354.040    -- Erasing range 0x20020000 - 0x2002FFFF (  1 Sector, 64 KB)
T2EE0 003:582.969    -- End of erasing sectors
T2EE0 003:583.092    -- Start of flash programming
T2EE0 003:583.132    -- Programming range 0x20020000 - 0x2002FFFF (  1 Sector, 64 KB)
T2EE0 003:846.169    -- End of flash programming
T2EE0 003:846.294    -- 0x20020000 - 0x2002FFFF (  1 Sector, 64 KB)
T2EE0 003:846.334    -- Start of restoring
T2EE0 003:846.372    -- Restoring RAMCode
T2EE0 003:849.667    -- Restoring target memory
T2EE0 003:874.358    -- Restore target
T2EE0 003:874.469    -- Restoring CPU registers
T2EE0 003:874.536    -- End of restoring
T2EE0 003:874.578    -- Bank 0 @ 0x20000000: 1 range affected (65536 bytes)
T2EE0 003:874.616    -- Total: 1.061s (Prepare: 0.171s, Compare: 0.369s, Erase: 0.229s, Program & Verify: 0.263s, Restore: 0.028s)
T2EE0 003:874.653    -- Program & Verify speed: 243 KB/s
T2EE0 003:879.965 - 1070.551ms returns 65536 (0x10000)
T2EE0 003:881.192 JLINK_WriteRegs_64(NumRegs = 1, Indexes: 
T2EE0 003:881.331   33)
T2EE0 003:881.399    -- PC=0x020000000
T2EE0 003:881.449 - 0.257ms returns 0
T2EE0 003:881.494 JLINK_WriteRegs_64(NumRegs = 1, Indexes: 
T2EE0 003:881.520   33)
T2EE0 003:881.575    -- PC=0x020020000
T2EE0 003:881.632 - 0.137ms returns 0
T2EE0 003:882.737 JLINK_SetEndian(ARM_ENDIAN_LITTLE)
T2EE0 003:882.838 - 0.100ms returns 0
T2EE0 003:900.062 JLINK_ReadMem(0x20020000, 0x4 Bytes, ...)
T2EE0 003:900.172    -- Read from flash cache (4 bytes @ 0x20020000)
T2EE0 003:900.214   Data:  00 08 02 20
T2EE0 003:900.253 - 0.191ms returns 0
T2EE0 003:906.152 JLINK_ReadMem(0x20020000, 0x4 Bytes, ...)
T2EE0 003:906.238    -- Read from flash cache (4 bytes @ 0x20020000)
T2EE0 003:906.272   Data:  00 08 02 20
T2EE0 003:906.309 - 0.157ms returns 0
T2EE0 004:130.065 JLINK_ReadRegs_64(NumRegs = 49, Indexes: 
T2EE0 004:130.222   0, 
T2EE0 004:130.307   1, 
T2EE0 004:130.390   2, 
T2EE0 004:130.458   3, 
T2EE0 004:130.529   4, 
T2EE0 004:130.589   5, 
T2EE0 004:130.671   6, 
T2EE0 004:130.758   7, 
T2EE0 004:130.838   8, 
T2EE0 004:130.909   9, 
T2EE0 004:130.987   10, 
T2EE0 004:131.048   11, 
T2EE0 004:131.119   12, 
T2EE0 004:131.195   13, 
T2EE0 004:131.293   14, 
T2EE0 004:131.375   15, 
T2EE0 004:131.449   16, 
T2EE0 004:131.525   17, 
T2EE0 004:131.602   18, 
T2EE0 004:131.741   19, 
T2EE0 004:131.788   20, 
T2EE0 004:131.824   21, 
T2EE0 004:131.859   22, 
T2EE0 004:131.894   23, 
T2EE0 004:131.929   24, 
T2EE0 004:131.964   25, 
T2EE0 004:131.998   26, 
T2EE0 004:132.033   27, 
T2EE0 004:132.067   28, 
T2EE0 004:132.101   29, 
T2EE0 004:132.135   30, 
T2EE0 004:132.170   31, 
T2EE0 004:132.340   32, 
T2EE0 004:132.375   33, 
T2EE0 004:132.410   34, 
T2EE0 004:132.444   35, 
T2EE0 004:132.479   36, 
T2EE0 004:132.513   37, 
T2EE0 004:132.547   38, 
T2EE0 004:132.581   39, 
T2EE0 004:132.615   40, 
T2EE0 004:132.649   41, 
T2EE0 004:132.683   42, 
T2EE0 004:132.716   43, 
T2EE0 004:132.750   44, 
T2EE0 004:132.825   45, 
T2EE0 004:132.880   46, 
T2EE0 004:132.928   47, 
T2EE0 004:132.985   48)
T2EE0 004:133.086   
 -- R0=0xFECFF7CF, R1=0x00, R2=0x00, R3=0x00, R4=0x902310, R5=0x203, R6=0x3FFFFFFF, R7=0x03, R8=0x11010550, R9=0x01, R10=0x31511144, R11=0x00, R12=0x30000, R13=0x18644, R14=0x01, R15=0x00, R16=0x00, R17=0x00, R18=0x00, R19=0x03, R20=0x10002, R21=0x00, R22=0x00, R23=0x00, R24=0x00, R25=0x00, R26=0x00, R27=0x00, R28=0x00, R29=0x00, R30=0x38FC, R31=0x00, SP=0x2FFD0, PC=0x20020000, ELR_EL1=0x00, ELR_EL2=0x00, ELR_EL3=0x00, SP_EL0=0x00, SP_EL1=0x00, SP_EL2=0x00, SP_EL3=0x2FFD0, CPSR=0x400003CD, SPSR_abt=0xBECFFFFF, SPSR_EL1=0xFE7FFFFF, SPSR_EL2=0xFE7EFFFF, SPSR_EL3=0x1CD, SPSR_fiq=0xFEDFFFFF, SPSR_irq=0xFEDDFFBF, SPSR_und=0xFECFF7CF

T2EE0 004:133.205 - 3.141ms returns 0
T2EE0 004:134.955 JLINK_ReadMem(0x20020000, 0x4 Bytes, ...)
T2EE0 004:135.050    -- Read from flash cache (4 bytes @ 0x20020000)
T2EE0 004:135.093   Data:  00 08 02 20
T2EE0 004:135.132 - 0.179ms returns 0
T413C 004:185.632 JLINK_GetNumBPUnits(Type = 0xFFFFFF00)
T413C 004:185.726 - 0.094ms returns 0x06
T413C 004:185.756 JLINK_GetNumWPUnits()
T413C 004:185.784 - 0.027ms returns 4
T413C 004:185.812 JLINK_GetNumWPUnits()
T413C 004:185.839 - 0.026ms returns 4
T413C 004:186.242 JLINK_GetNumBPUnits(Type = 0xFFFFFF00)
T413C 004:186.338 - 0.095ms returns 0x06
T413C 004:186.389 JLINK_GetNumWPUnits()
T413C 004:186.420 - 0.030ms returns 4
T413C 004:186.453 JLINK_GetNumWPUnits()
T413C 004:186.489 - 0.035ms returns 4
T413C 004:187.263 JLINK_GetNumBPUnits(Type = 0xFFFFFF00)
T413C 004:187.383 - 0.120ms returns 0x06
T413C 004:187.425 JLINK_GetNumWPUnits()
T413C 004:187.453 - 0.027ms returns 4
T413C 004:187.480 JLINK_GetNumWPUnits()
T413C 004:187.506 - 0.025ms returns 4
T413C 004:188.158 JLINK_GetNumBPUnits(Type = 0xFFFFFF00)
T413C 004:188.244 - 0.085ms returns 0x06
T413C 004:188.273 JLINK_GetNumWPUnits()
T413C 004:188.308 - 0.034ms returns 4
T413C 004:188.335 JLINK_GetNumWPUnits()
T413C 004:188.362 - 0.026ms returns 4
T413C 004:189.280 JLINK_GetNumBPUnits(Type = 0xFFFFFF00)
T413C 004:189.371 - 0.096ms returns 0x06
T413C 004:189.397 JLINK_GetNumWPUnits()
T413C 004:189.419 - 0.022ms returns 4
T413C 004:189.442 JLINK_GetNumWPUnits()
T413C 004:189.464 - 0.022ms returns 4
T413C 004:190.517 JLINK_GetNumBPUnits(Type = 0xFFFFFF00)
T413C 004:190.620 - 0.103ms returns 0x06
T413C 004:190.649 JLINK_GetNumWPUnits()
T413C 004:190.677 - 0.027ms returns 4
T413C 004:190.704 JLINK_GetNumWPUnits()
T413C 004:190.732 - 0.027ms returns 4
T413C 004:191.155 JLINK_GetNumBPUnits(Type = 0xFFFFFF00)
T413C 004:191.233 - 0.077ms returns 0x06
T413C 004:191.260 JLINK_GetNumWPUnits()
T413C 004:191.295 - 0.034ms returns 4
T413C 004:191.322 JLINK_GetNumWPUnits()
T413C 004:191.349 - 0.026ms returns 4
T413C 004:191.695 JLINK_GetNumBPUnits(Type = 0xFFFFFF00)
T413C 004:191.762 - 0.067ms returns 0x06
T413C 004:191.790 JLINK_GetNumWPUnits()
T413C 004:191.816 - 0.026ms returns 4
T413C 004:191.844 JLINK_GetNumWPUnits()
T413C 004:191.870 - 0.025ms returns 4
T2EE0 004:240.259 JLINK_ReadMem(0x20020000, 0x4 Bytes, ...)
T2EE0 004:240.380    -- Read from flash cache (4 bytes @ 0x20020000)
T2EE0 004:240.433   Data:  00 08 02 20
T2EE0 004:240.483 - 0.224ms returns 0
T2EE0 006:832.992 JLINK_STRACE_Read(..., NumItems = 0x10000)
T2EE0 006:833.629   
  ***** Error: 
T2EE0 006:833.715   Debugger tries to use on-chip trace buffer but the connected MCU does not provide an on-chip trace buffer (e.g. ETB/MTB/...)
T2EE0 006:833.756 - 0.764ms NumItemsRead = 0xFFFFFFFF
T2EE0 006:833.797 JLINK_IsHalted()
T2EE0 006:834.096 - 0.298ms returns TRUE
T2EE0 006:834.180 JLINK_STRACE_Read(..., NumItems = 0x10000)
T2EE0 006:834.299 - 0.117ms NumItemsRead = 0xFFFFFFFF
T2EE0 006:834.332 JLINK_GoEx(MaxEmulInsts = 0, Flags = 0x01)
T2EE0 006:837.101 - 2.768ms
T2EE0 006:945.096 JLINK_IsHalted()
T2EE0 006:945.428 - 0.331ms returns FALSE
T2EE0 006:945.483 JLINK_IsHalted()
T2EE0 006:945.686 - 0.202ms returns FALSE
T2EE0 007:055.011 JLINK_IsHalted()
T2EE0 007:055.318 - 0.306ms returns FALSE
T2EE0 007:055.370 JLINK_IsHalted()
T2EE0 007:055.585 - 0.214ms returns FALSE
T2EE0 007:164.401 JLINK_IsHalted()
T2EE0 007:164.712 - 0.310ms returns FALSE
T2EE0 007:164.756 JLINK_IsHalted()
T2EE0 007:164.958 - 0.201ms returns FALSE
T2EE0 007:273.813 JLINK_IsHalted()
T2EE0 007:274.137 - 0.323ms returns FALSE
T2EE0 007:274.190 JLINK_IsHalted()
T2EE0 007:274.382 - 0.191ms returns FALSE
T2EE0 007:383.110 JLINK_IsHalted()
T2EE0 007:383.520 - 0.410ms returns FALSE
T2EE0 007:383.563 JLINK_IsHalted()
T2EE0 007:383.747 - 0.183ms returns FALSE
T2EE0 007:492.089 JLINK_IsHalted()
T2EE0 007:492.395 - 0.305ms returns FALSE
T2EE0 007:492.447 JLINK_IsHalted()
T2EE0 007:492.639 - 0.191ms returns FALSE
T2EE0 007:601.283 JLINK_IsHalted()
T2EE0 007:601.591 - 0.308ms returns FALSE
T2EE0 007:601.644 JLINK_IsHalted()
T2EE0 007:601.916 - 0.270ms returns FALSE
T2EE0 007:710.794 JLINK_IsHalted()
T2EE0 007:711.095 - 0.301ms returns FALSE
T2EE0 007:711.146 JLINK_IsHalted()
T2EE0 007:711.332 - 0.185ms returns FALSE
T2EE0 007:820.048 JLINK_IsHalted()
T2EE0 007:820.360 - 0.311ms returns FALSE
T2EE0 007:820.412 JLINK_IsHalted()
T2EE0 007:820.604 - 0.191ms returns FALSE
T413C 007:836.327 JLINK_IsHalted()
T413C 007:836.684 - 0.357ms returns FALSE
T413C 007:836.731 JLINK_IsHalted()
T413C 007:836.963 - 0.232ms returns FALSE
T2EE0 007:929.269 JLINK_IsHalted()
T2EE0 007:929.594 - 0.324ms returns FALSE
T2EE0 007:929.647 JLINK_IsHalted()
T2EE0 007:929.895 - 0.247ms returns FALSE
T2EE0 008:039.598 JLINK_IsHalted()
T2EE0 008:039.878 - 0.280ms returns FALSE
T2EE0 008:039.920 JLINK_IsHalted()
T2EE0 008:040.103 - 0.181ms returns FALSE
T2EE0 008:148.182 JLINK_IsHalted()
T2EE0 008:148.552 - 0.370ms returns FALSE
T2EE0 008:148.608 JLINK_IsHalted()
T2EE0 008:148.835 - 0.225ms returns FALSE
T2EE0 008:257.490 JLINK_IsHalted()
T2EE0 008:257.915 - 0.424ms returns FALSE
T2EE0 008:258.017 JLINK_IsHalted()
T2EE0 008:258.258 - 0.239ms returns FALSE
T2EE0 008:367.496 JLINK_IsHalted()
T2EE0 008:367.899 - 0.402ms returns FALSE
T2EE0 008:367.975 JLINK_IsHalted()
T2EE0 008:368.243 - 0.267ms returns FALSE
T2EE0 008:476.437 JLINK_IsHalted()
T2EE0 008:476.744 - 0.306ms returns FALSE
T2EE0 008:476.801 JLINK_IsHalted()
T2EE0 008:477.014 - 0.212ms returns FALSE
T2EE0 008:585.673 JLINK_IsHalted()
T2EE0 008:585.991 - 0.317ms returns FALSE
T2EE0 008:586.056 JLINK_IsHalted()
T2EE0 008:586.281 - 0.224ms returns FALSE
T2EE0 008:695.555 JLINK_IsHalted()
T2EE0 008:695.885 - 0.329ms returns FALSE
T2EE0 008:695.928 JLINK_IsHalted()
T2EE0 008:696.093 - 0.164ms returns FALSE
T2EE0 008:804.273 JLINK_IsHalted()
T2EE0 008:804.645 - 0.371ms returns FALSE
T2EE0 008:804.722 JLINK_IsHalted()
T2EE0 008:804.969 - 0.246ms returns FALSE
T413C 008:837.538 JLINK_IsHalted()
T413C 008:837.843 - 0.304ms returns FALSE
T413C 008:837.885 JLINK_IsHalted()
T413C 008:838.083 - 0.197ms returns FALSE
T2EE0 008:914.589 JLINK_IsHalted()
T2EE0 008:914.894 - 0.304ms returns FALSE
T2EE0 008:914.949 JLINK_IsHalted()
T2EE0 008:915.166 - 0.216ms returns FALSE
T2EE0 009:024.509 JLINK_IsHalted()
T2EE0 009:024.862 - 0.351ms returns FALSE
T2EE0 009:024.914 JLINK_IsHalted()
T2EE0 009:025.113 - 0.198ms returns FALSE
T2EE0 009:132.906 JLINK_IsHalted()
T2EE0 009:133.256 - 0.348ms returns FALSE
T2EE0 009:133.317 JLINK_IsHalted()
T2EE0 009:133.546 - 0.227ms returns FALSE
T2EE0 009:241.879 JLINK_IsHalted()
T2EE0 009:242.209 - 0.328ms returns FALSE
T2EE0 009:242.282 JLINK_IsHalted()
T2EE0 009:242.550 - 0.267ms returns FALSE
T2EE0 009:351.895 JLINK_IsHalted()
T2EE0 009:352.224 - 0.328ms returns FALSE
T2EE0 009:352.279 JLINK_IsHalted()
T2EE0 009:352.495 - 0.215ms returns FALSE
T2EE0 009:460.954 JLINK_IsHalted()
T2EE0 009:461.280 - 0.326ms returns FALSE
T2EE0 009:461.336 JLINK_IsHalted()
T2EE0 009:461.502 - 0.165ms returns FALSE
T2EE0 009:570.202 JLINK_IsHalted()
T2EE0 009:570.559 - 0.357ms returns FALSE
T2EE0 009:570.606 JLINK_IsHalted()
T2EE0 009:570.917 - 0.310ms returns FALSE
T2EE0 009:680.290 JLINK_IsHalted()
T2EE0 009:680.691 - 0.401ms returns FALSE
T2EE0 009:680.774 JLINK_IsHalted()
T2EE0 009:681.071 - 0.295ms returns FALSE
T2EE0 009:789.389 JLINK_IsHalted()
T2EE0 009:789.731 - 0.340ms returns FALSE
T2EE0 009:789.785 JLINK_IsHalted()
T2EE0 009:789.993 - 0.207ms returns FALSE
T413C 009:837.667 JLINK_IsHalted()
T413C 009:837.975 - 0.307ms returns FALSE
T413C 009:838.017 JLINK_IsHalted()
T413C 009:838.215 - 0.197ms returns FALSE
T2EE0 009:898.757 JLINK_IsHalted()
T2EE0 009:899.219 - 0.460ms returns FALSE
T2EE0 009:899.307 JLINK_IsHalted()
T2EE0 009:899.533 - 0.225ms returns FALSE
T2EE0 010:008.067 JLINK_IsHalted()
T2EE0 010:008.406 - 0.338ms returns FALSE
T2EE0 010:008.460 JLINK_IsHalted()
T2EE0 010:008.630 - 0.170ms returns FALSE
T2EE0 010:117.423 JLINK_IsHalted()
T2EE0 010:117.720 - 0.297ms returns FALSE
T2EE0 010:117.773 JLINK_IsHalted()
T2EE0 010:117.965 - 0.191ms returns FALSE
T2EE0 010:226.697 JLINK_IsHalted()
T2EE0 010:227.003 - 0.305ms returns FALSE
T2EE0 010:227.045 JLINK_IsHalted()
T2EE0 010:227.279 - 0.233ms returns FALSE
T2EE0 010:336.095 JLINK_IsHalted()
T2EE0 010:336.521 - 0.426ms returns FALSE
T2EE0 010:336.574 JLINK_IsHalted()
T2EE0 010:336.775 - 0.200ms returns FALSE
T2EE0 010:445.574 JLINK_IsHalted()
T2EE0 010:445.891 - 0.316ms returns FALSE
T2EE0 010:445.943 JLINK_IsHalted()
T2EE0 010:446.127 - 0.183ms returns FALSE
T2EE0 010:555.057 JLINK_IsHalted()
T2EE0 010:555.406 - 0.348ms returns FALSE
T2EE0 010:555.460 JLINK_IsHalted()
T2EE0 010:555.625 - 0.164ms returns FALSE
T2EE0 010:664.289 JLINK_IsHalted()
T2EE0 010:664.624 - 0.334ms returns FALSE
T2EE0 010:664.676 JLINK_IsHalted()
T2EE0 010:664.854 - 0.177ms returns FALSE
T2EE0 010:773.649 JLINK_IsHalted()
T2EE0 010:773.936 - 0.286ms returns FALSE
T2EE0 010:773.977 JLINK_IsHalted()
T2EE0 010:774.164 - 0.186ms returns FALSE
T413C 010:837.991 JLINK_IsHalted()
T413C 010:838.320 - 0.328ms returns FALSE
T413C 010:838.362 JLINK_IsHalted()
T413C 010:838.544 - 0.182ms returns FALSE
T2EE0 010:882.887 JLINK_IsHalted()
T2EE0 010:883.191 - 0.304ms returns FALSE
T2EE0 010:883.272 JLINK_IsHalted()
T2EE0 010:883.457 - 0.185ms returns FALSE
T2EE0 010:992.227 JLINK_IsHalted()
T2EE0 010:992.544 - 0.315ms returns FALSE
T2EE0 010:992.597 JLINK_IsHalted()
T2EE0 010:992.794 - 0.196ms returns FALSE
T2EE0 011:101.548 JLINK_IsHalted()
T2EE0 011:101.856 - 0.307ms returns FALSE
T2EE0 011:101.908 JLINK_IsHalted()
T2EE0 011:102.114 - 0.205ms returns FALSE
T2EE0 011:211.049 JLINK_IsHalted()
T2EE0 011:211.428 - 0.379ms returns FALSE
T2EE0 011:211.495 JLINK_IsHalted()
T2EE0 011:211.733 - 0.236ms returns FALSE
T2EE0 011:320.045 JLINK_IsHalted()
T2EE0 011:321.976 - 1.930ms returns FALSE
T2EE0 011:322.036 JLINK_IsHalted()
T2EE0 011:322.251 - 0.214ms returns FALSE
T2EE0 011:430.207 JLINK_IsHalted()
T2EE0 011:430.499 - 0.291ms returns FALSE
T2EE0 011:430.542 JLINK_IsHalted()
T2EE0 011:430.743 - 0.200ms returns FALSE
T2EE0 011:539.519 JLINK_IsHalted()
T2EE0 011:539.875 - 0.355ms returns FALSE
T2EE0 011:539.920 JLINK_IsHalted()
T2EE0 011:540.134 - 0.214ms returns FALSE
T2EE0 011:648.776 JLINK_IsHalted()
T2EE0 011:649.126 - 0.349ms returns FALSE
T2EE0 011:649.187 JLINK_IsHalted()
T2EE0 011:649.395 - 0.207ms returns FALSE
T2EE0 011:758.031 JLINK_IsHalted()
T2EE0 011:758.358 - 0.325ms returns FALSE
T2EE0 011:758.411 JLINK_IsHalted()
T2EE0 011:758.628 - 0.216ms returns FALSE
T413C 011:839.034 JLINK_IsHalted()
T413C 011:839.363 - 0.328ms returns FALSE
T413C 011:839.404 JLINK_IsHalted()
T413C 011:839.613 - 0.207ms returns FALSE
T2EE0 011:866.818 JLINK_IsHalted()
T2EE0 011:867.110 - 0.291ms returns FALSE
T2EE0 011:867.153 JLINK_IsHalted()
T2EE0 011:867.351 - 0.197ms returns FALSE
T2EE0 011:976.116 JLINK_IsHalted()
T2EE0 011:976.421 - 0.305ms returns FALSE
T2EE0 011:976.474 JLINK_IsHalted()
T2EE0 011:976.676 - 0.200ms returns FALSE
T2EE0 012:086.395 JLINK_IsHalted()
T2EE0 012:086.680 - 0.284ms returns FALSE
T2EE0 012:086.734 JLINK_IsHalted()
T2EE0 012:087.042 - 0.307ms returns FALSE
T2EE0 012:195.810 JLINK_IsHalted()
T2EE0 012:196.110 - 0.300ms returns FALSE
T2EE0 012:196.161 JLINK_IsHalted()
T2EE0 012:196.354 - 0.191ms returns FALSE
T2EE0 012:304.442 JLINK_IsHalted()
T2EE0 012:304.820 - 0.377ms returns FALSE
T2EE0 012:304.879 JLINK_IsHalted()
T2EE0 012:305.084 - 0.204ms returns FALSE
T2EE0 012:413.788 JLINK_IsHalted()
T2EE0 012:414.129 - 0.340ms returns FALSE
T2EE0 012:414.172 JLINK_IsHalted()
T2EE0 012:414.415 - 0.242ms returns FALSE
T2EE0 012:523.125 JLINK_IsHalted()
T2EE0 012:523.427 - 0.302ms returns FALSE
T2EE0 012:523.482 JLINK_IsHalted()
T2EE0 012:523.667 - 0.185ms returns FALSE
T2EE0 012:633.328 JLINK_IsHalted()
T2EE0 012:633.624 - 0.295ms returns FALSE
T2EE0 012:633.754 JLINK_IsHalted()
T2EE0 012:633.926 - 0.172ms returns FALSE
T2EE0 012:742.663 JLINK_IsHalted()
T2EE0 012:742.979 - 0.316ms returns FALSE
T2EE0 012:743.032 JLINK_IsHalted()
T2EE0 012:743.224 - 0.191ms returns FALSE
T413C 012:840.085 JLINK_IsHalted()
T413C 012:840.409 - 0.323ms returns FALSE
T413C 012:840.450 JLINK_IsHalted()
T413C 012:840.617 - 0.166ms returns FALSE
T2EE0 012:851.966 JLINK_IsHalted()
T2EE0 012:852.284 - 0.317ms returns FALSE
T2EE0 012:852.327 JLINK_IsHalted()
T2EE0 012:852.507 - 0.179ms returns FALSE
T2EE0 012:960.559 JLINK_IsHalted()
T2EE0 012:960.845 - 0.286ms returns FALSE
T2EE0 012:960.886 JLINK_IsHalted()
T2EE0 012:961.085 - 0.197ms returns FALSE
T2EE0 013:069.905 JLINK_IsHalted()
T2EE0 013:070.217 - 0.312ms returns FALSE
T2EE0 013:070.270 JLINK_IsHalted()
T2EE0 013:070.542 - 0.271ms returns FALSE
T2EE0 013:179.305 JLINK_IsHalted()
T2EE0 013:179.626 - 0.320ms returns FALSE
T2EE0 013:179.680 JLINK_IsHalted()
T2EE0 013:179.858 - 0.177ms returns FALSE
T2EE0 013:288.621 JLINK_IsHalted()
T2EE0 013:288.929 - 0.307ms returns FALSE
T2EE0 013:288.982 JLINK_IsHalted()
T2EE0 013:289.162 - 0.179ms returns FALSE
T2EE0 013:398.935 JLINK_IsHalted()
T2EE0 013:399.270 - 0.333ms returns FALSE
T2EE0 013:399.341 JLINK_IsHalted()
T2EE0 013:399.569 - 0.227ms returns FALSE
T2EE0 013:507.908 JLINK_IsHalted()
T2EE0 013:508.243 - 0.334ms returns FALSE
T2EE0 013:508.311 JLINK_IsHalted()
T2EE0 013:508.506 - 0.194ms returns FALSE
T2EE0 013:617.253 JLINK_IsHalted()
T2EE0 013:617.552 - 0.298ms returns FALSE
T2EE0 013:617.605 JLINK_IsHalted()
T2EE0 013:617.804 - 0.198ms returns FALSE
T2EE0 013:726.669 JLINK_IsHalted()
T2EE0 013:726.979 - 0.309ms returns FALSE
T2EE0 013:727.021 JLINK_IsHalted()
T2EE0 013:727.285 - 0.263ms returns FALSE
T2EE0 013:836.049 JLINK_IsHalted()
T2EE0 013:836.374 - 0.324ms returns FALSE
T2EE0 013:836.429 JLINK_IsHalted()
T2EE0 013:836.603 - 0.172ms returns FALSE
T413C 013:840.183 JLINK_IsHalted()
T413C 013:840.493 - 0.309ms returns FALSE
T413C 013:840.552 JLINK_IsHalted()
T413C 013:840.738 - 0.186ms returns FALSE
T2EE0 013:945.334 JLINK_IsHalted()
T2EE0 013:945.622 - 0.288ms returns FALSE
T2EE0 013:945.664 JLINK_IsHalted()
T2EE0 013:945.844 - 0.179ms returns FALSE
T2EE0 014:054.605 JLINK_IsHalted()
T2EE0 014:054.905 - 0.299ms returns FALSE
T2EE0 014:054.959 JLINK_IsHalted()
T2EE0 014:055.165 - 0.205ms returns FALSE
T2EE0 014:163.976 JLINK_IsHalted()
T2EE0 014:164.286 - 0.309ms returns FALSE
T2EE0 014:164.338 JLINK_IsHalted()
T2EE0 014:164.552 - 0.214ms returns FALSE
T2EE0 014:273.892 JLINK_IsHalted()
T2EE0 014:274.222 - 0.330ms returns FALSE
T2EE0 014:274.268 JLINK_IsHalted()
T2EE0 014:274.473 - 0.204ms returns FALSE
T2EE0 014:383.266 JLINK_IsHalted()
T2EE0 014:383.596 - 0.329ms returns FALSE
T2EE0 014:383.649 JLINK_IsHalted()
T2EE0 014:383.905 - 0.254ms returns FALSE
T2EE0 014:492.575 JLINK_IsHalted()
T2EE0 014:492.882 - 0.307ms returns FALSE
T2EE0 014:492.935 JLINK_IsHalted()
T2EE0 014:493.123 - 0.187ms returns FALSE
T2EE0 014:601.894 JLINK_IsHalted()
T2EE0 014:602.249 - 0.354ms returns FALSE
T2EE0 014:602.311 JLINK_IsHalted()
T2EE0 014:602.576 - 0.264ms returns FALSE
T2EE0 014:711.210 JLINK_IsHalted()
T2EE0 014:711.543 - 0.332ms returns FALSE
T2EE0 014:711.595 JLINK_IsHalted()
T2EE0 014:711.805 - 0.209ms returns FALSE
T2EE0 014:819.924 JLINK_IsHalted()
T2EE0 014:820.260 - 0.335ms returns FALSE
T2EE0 014:820.313 JLINK_IsHalted()
T2EE0 014:820.487 - 0.173ms returns FALSE
T413C 014:841.105 JLINK_IsHalted()
T413C 014:841.411 - 0.306ms returns FALSE
T413C 014:841.454 JLINK_IsHalted()
T413C 014:841.664 - 0.210ms returns FALSE
T2EE0 014:930.083 JLINK_IsHalted()
T2EE0 014:930.363 - 0.279ms returns FALSE
T2EE0 014:930.420 JLINK_IsHalted()
T2EE0 014:930.638 - 0.217ms returns FALSE
T2EE0 015:039.352 JLINK_IsHalted()
T2EE0 015:039.659 - 0.306ms returns FALSE
T2EE0 015:039.712 JLINK_IsHalted()
T2EE0 015:040.030 - 0.317ms returns FALSE
T2EE0 015:148.671 JLINK_IsHalted()
T2EE0 015:148.969 - 0.298ms returns FALSE
T2EE0 015:149.024 JLINK_IsHalted()
T2EE0 015:149.213 - 0.188ms returns FALSE
T2EE0 015:258.029 JLINK_IsHalted()
T2EE0 015:258.345 - 0.316ms returns FALSE
T2EE0 015:258.388 JLINK_IsHalted()
T2EE0 015:258.592 - 0.203ms returns FALSE
T2EE0 015:366.979 JLINK_IsHalted()
T2EE0 015:367.452 - 0.474ms returns FALSE
T2EE0 015:367.499 JLINK_IsHalted()
T2EE0 015:367.813 - 0.313ms returns FALSE
T2EE0 015:476.964 JLINK_IsHalted()
T2EE0 015:477.293 - 0.328ms returns FALSE
T2EE0 015:477.343 JLINK_IsHalted()
T2EE0 015:477.539 - 0.195ms returns FALSE
T2EE0 015:586.009 JLINK_IsHalted()
T2EE0 015:586.353 - 0.344ms returns FALSE
T2EE0 015:586.424 JLINK_IsHalted()
T2EE0 015:586.658 - 0.232ms returns FALSE
T2EE0 015:694.985 JLINK_IsHalted()
T2EE0 015:695.272 - 0.285ms returns FALSE
T2EE0 015:695.316 JLINK_IsHalted()
T2EE0 015:695.567 - 0.249ms returns FALSE
T2EE0 015:804.981 JLINK_IsHalted()
T2EE0 015:805.330 - 0.347ms returns FALSE
T2EE0 015:805.441 JLINK_IsHalted()
T2EE0 015:805.683 - 0.241ms returns FALSE
T413C 015:841.143 JLINK_IsHalted()
T413C 015:841.466 - 0.323ms returns FALSE
T413C 015:841.510 JLINK_IsHalted()
T413C 015:841.706 - 0.196ms returns FALSE
T2EE0 015:914.133 JLINK_IsHalted()
T2EE0 015:914.481 - 0.347ms returns FALSE
T2EE0 015:914.535 JLINK_IsHalted()
T2EE0 015:914.736 - 0.199ms returns FALSE
T2EE0 016:023.710 JLINK_IsHalted()
T2EE0 016:024.020 - 0.309ms returns FALSE
T2EE0 016:024.071 JLINK_IsHalted()
T2EE0 016:024.291 - 0.219ms returns FALSE
T2EE0 016:133.019 JLINK_IsHalted()
T2EE0 016:133.356 - 0.336ms returns FALSE
T2EE0 016:133.407 JLINK_IsHalted()
T2EE0 016:133.676 - 0.268ms returns FALSE
T2EE0 016:241.909 JLINK_IsHalted()
T2EE0 016:242.230 - 0.320ms returns FALSE
T2EE0 016:242.282 JLINK_IsHalted()
T2EE0 016:242.464 - 0.181ms returns FALSE
T2EE0 016:351.859 JLINK_IsHalted()
T2EE0 016:352.183 - 0.324ms returns FALSE
T2EE0 016:352.252 JLINK_IsHalted()
T2EE0 016:352.458 - 0.205ms returns FALSE
T2EE0 016:460.603 JLINK_IsHalted()
T2EE0 016:460.940 - 0.336ms returns FALSE
T2EE0 016:460.992 JLINK_IsHalted()
T2EE0 016:461.208 - 0.215ms returns FALSE
T2EE0 016:569.957 JLINK_IsHalted()
T2EE0 016:570.281 - 0.323ms returns FALSE
T2EE0 016:570.348 JLINK_IsHalted()
T2EE0 016:570.588 - 0.238ms returns FALSE
T2EE0 016:679.999 JLINK_IsHalted()
T2EE0 016:680.367 - 0.367ms returns FALSE
T2EE0 016:680.421 JLINK_IsHalted()
T2EE0 016:680.663 - 0.240ms returns FALSE
T2EE0 016:788.972 JLINK_IsHalted()
T2EE0 016:789.386 - 0.413ms returns FALSE
T2EE0 016:789.476 JLINK_IsHalted()
T2EE0 016:789.718 - 0.241ms returns FALSE
T413C 016:842.148 JLINK_IsHalted()
T413C 016:842.494 - 0.344ms returns FALSE
T413C 016:842.572 JLINK_IsHalted()
T413C 016:842.828 - 0.254ms returns FALSE
T2EE0 016:899.054 JLINK_IsHalted()
T2EE0 016:899.399 - 0.345ms returns FALSE
T2EE0 016:899.462 JLINK_IsHalted()
T2EE0 016:899.717 - 0.254ms returns FALSE
T2EE0 017:007.965 JLINK_IsHalted()
T2EE0 017:008.281 - 0.316ms returns FALSE
T2EE0 017:008.324 JLINK_IsHalted()
T2EE0 017:008.539 - 0.213ms returns FALSE
T2EE0 017:117.765 JLINK_IsHalted()
T2EE0 017:118.110 - 0.344ms returns FALSE
T2EE0 017:118.163 JLINK_IsHalted()
T2EE0 017:118.378 - 0.214ms returns FALSE
T2EE0 017:226.687 JLINK_IsHalted()
T2EE0 017:226.997 - 0.309ms returns FALSE
T2EE0 017:227.050 JLINK_IsHalted()
T2EE0 017:227.230 - 0.179ms returns FALSE
T2EE0 017:336.015 JLINK_IsHalted()
T2EE0 017:336.339 - 0.324ms returns FALSE
T2EE0 017:336.392 JLINK_IsHalted()
T2EE0 017:336.582 - 0.189ms returns FALSE
T2EE0 017:445.341 JLINK_IsHalted()
T2EE0 017:445.637 - 0.295ms returns FALSE
T2EE0 017:445.690 JLINK_IsHalted()
T2EE0 017:445.882 - 0.190ms returns FALSE
T2EE0 017:554.712 JLINK_IsHalted()
T2EE0 017:555.055 - 0.342ms returns FALSE
T2EE0 017:555.105 JLINK_IsHalted()
T2EE0 017:555.334 - 0.228ms returns FALSE
T2EE0 017:664.011 JLINK_IsHalted()
T2EE0 017:664.347 - 0.335ms returns FALSE
T2EE0 017:664.399 JLINK_IsHalted()
T2EE0 017:664.590 - 0.190ms returns FALSE
T2EE0 017:773.998 JLINK_IsHalted()
T2EE0 017:774.323 - 0.325ms returns FALSE
T2EE0 017:774.378 JLINK_IsHalted()
T2EE0 017:774.582 - 0.203ms returns FALSE
T413C 017:843.289 JLINK_IsHalted()
T413C 017:843.619 - 0.329ms returns FALSE
T413C 017:843.661 JLINK_IsHalted()
T413C 017:843.850 - 0.188ms returns FALSE
T2EE0 017:883.210 JLINK_IsHalted()
T2EE0 017:883.505 - 0.293ms returns FALSE
T2EE0 017:883.578 JLINK_IsHalted()
T2EE0 017:883.770 - 0.190ms returns FALSE
T2EE0 017:992.220 JLINK_IsHalted()
T2EE0 017:992.573 - 0.351ms returns FALSE
T2EE0 017:992.658 JLINK_IsHalted()
T2EE0 017:992.896 - 0.237ms returns FALSE
T2EE0 018:101.301 JLINK_IsHalted()
T2EE0 018:101.616 - 0.314ms returns FALSE
T2EE0 018:101.671 JLINK_IsHalted()
T2EE0 018:101.848 - 0.175ms returns FALSE
T2EE0 018:210.598 JLINK_IsHalted()
T2EE0 018:210.929 - 0.330ms returns FALSE
T2EE0 018:210.980 JLINK_IsHalted()
T2EE0 018:211.185 - 0.204ms returns FALSE
T2EE0 018:320.758 JLINK_IsHalted()
T2EE0 018:321.111 - 0.352ms returns FALSE
T2EE0 018:321.166 JLINK_IsHalted()
T2EE0 018:321.389 - 0.222ms returns FALSE
T2EE0 018:429.780 JLINK_IsHalted()
T2EE0 018:430.172 - 0.391ms returns FALSE
T2EE0 018:430.239 JLINK_IsHalted()
T2EE0 018:430.480 - 0.240ms returns FALSE
T2EE0 018:539.747 JLINK_IsHalted()
T2EE0 018:540.098 - 0.351ms returns FALSE
T2EE0 018:540.154 JLINK_IsHalted()
T2EE0 018:540.365 - 0.210ms returns FALSE
T2EE0 018:648.978 JLINK_IsHalted()
T2EE0 018:649.372 - 0.393ms returns FALSE
T2EE0 018:649.454 JLINK_IsHalted()
T2EE0 018:649.699 - 0.244ms returns FALSE
T2EE0 018:758.254 JLINK_IsHalted()
T2EE0 018:758.574 - 0.320ms returns FALSE
T2EE0 018:758.629 JLINK_IsHalted()
T2EE0 018:758.839 - 0.209ms returns FALSE
T413C 018:844.146 JLINK_IsHalted()
T413C 018:844.532 - 0.385ms returns FALSE
T413C 018:844.607 JLINK_IsHalted()
T413C 018:844.839 - 0.231ms returns FALSE
T2EE0 018:866.964 JLINK_IsHalted()
T2EE0 018:867.300 - 0.335ms returns FALSE
T2EE0 018:867.368 JLINK_IsHalted()
T2EE0 018:867.593 - 0.223ms returns FALSE
T2EE0 018:976.939 JLINK_IsHalted()
T2EE0 018:977.220 - 0.281ms returns FALSE
T2EE0 018:977.274 JLINK_IsHalted()
T2EE0 018:977.461 - 0.186ms returns FALSE
T2EE0 019:085.997 JLINK_IsHalted()
T2EE0 019:086.388 - 0.390ms returns FALSE
T2EE0 019:086.459 JLINK_IsHalted()
T2EE0 019:086.699 - 0.239ms returns FALSE
T2EE0 019:194.977 JLINK_IsHalted()
T2EE0 019:195.319 - 0.342ms returns FALSE
T2EE0 019:195.392 JLINK_IsHalted()
T2EE0 019:195.670 - 0.276ms returns FALSE
T2EE0 019:305.708 JLINK_IsHalted()
T2EE0 019:306.014 - 0.305ms returns FALSE
T2EE0 019:306.134 JLINK_IsHalted()
T2EE0 019:306.372 - 0.238ms returns FALSE
T2EE0 019:414.487 JLINK_IsHalted()
T2EE0 019:414.838 - 0.350ms returns FALSE
T2EE0 019:414.897 JLINK_IsHalted()
T2EE0 019:415.110 - 0.212ms returns FALSE
T2EE0 019:523.639 JLINK_IsHalted()
T2EE0 019:523.973 - 0.334ms returns FALSE
T2EE0 019:524.017 JLINK_IsHalted()
T2EE0 019:524.302 - 0.285ms returns FALSE
T2EE0 019:633.275 JLINK_IsHalted()
T2EE0 019:633.602 - 0.325ms returns FALSE
T2EE0 019:633.658 JLINK_IsHalted()
T2EE0 019:633.868 - 0.209ms returns FALSE
T2EE0 019:741.823 JLINK_IsHalted()
T2EE0 019:742.134 - 0.310ms returns FALSE
T2EE0 019:742.187 JLINK_IsHalted()
T2EE0 019:742.381 - 0.193ms returns FALSE
T413C 019:845.266 JLINK_IsHalted()
T413C 019:845.564 - 0.298ms returns FALSE
T413C 019:845.607 JLINK_IsHalted()
T413C 019:845.791 - 0.183ms returns FALSE
T2EE0 019:852.096 JLINK_IsHalted()
T2EE0 019:852.374 - 0.277ms returns FALSE
T2EE0 019:852.427 JLINK_IsHalted()
T2EE0 019:852.648 - 0.220ms returns FALSE
T2EE0 019:961.353 JLINK_IsHalted()
T2EE0 019:961.692 - 0.338ms returns FALSE
T2EE0 019:961.752 JLINK_IsHalted()
T2EE0 019:961.957 - 0.204ms returns FALSE
T2EE0 020:070.592 JLINK_IsHalted()
T2EE0 020:070.903 - 0.310ms returns FALSE
T2EE0 020:070.954 JLINK_IsHalted()
T2EE0 020:071.143 - 0.188ms returns FALSE
T2EE0 020:180.154 JLINK_IsHalted()
T2EE0 020:180.470 - 0.315ms returns FALSE
T2EE0 020:180.521 JLINK_IsHalted()
T2EE0 020:180.789 - 0.267ms returns FALSE
T2EE0 020:289.107 JLINK_IsHalted()
T2EE0 020:289.365 - 0.258ms returns FALSE
T2EE0 020:289.398 JLINK_IsHalted()
T2EE0 020:289.575 - 0.176ms returns FALSE
T2EE0 020:398.281 JLINK_IsHalted()
T2EE0 020:398.635 - 0.353ms returns FALSE
T2EE0 020:398.688 JLINK_IsHalted()
T2EE0 020:398.934 - 0.244ms returns FALSE
T2EE0 020:507.926 JLINK_IsHalted()
T2EE0 020:508.279 - 0.353ms returns FALSE
T2EE0 020:508.332 JLINK_IsHalted()
T2EE0 020:508.509 - 0.176ms returns FALSE
T2EE0 020:616.958 JLINK_IsHalted()
T2EE0 020:617.287 - 0.328ms returns FALSE
T2EE0 020:617.340 JLINK_IsHalted()
T2EE0 020:617.547 - 0.207ms returns FALSE
T2EE0 020:726.149 JLINK_IsHalted()
T2EE0 020:726.462 - 0.312ms returns FALSE
T2EE0 020:726.514 JLINK_IsHalted()
T2EE0 020:726.709 - 0.194ms returns FALSE
T2EE0 020:835.683 JLINK_IsHalted()
T2EE0 020:836.029 - 0.345ms returns FALSE
T2EE0 020:836.082 JLINK_IsHalted()
T2EE0 020:836.274 - 0.191ms returns FALSE
T413C 020:845.836 JLINK_IsHalted()
T413C 020:846.112 - 0.276ms returns FALSE
T413C 020:846.154 JLINK_IsHalted()
T413C 020:846.354 - 0.200ms returns FALSE
T2EE0 020:945.039 JLINK_IsHalted()
T2EE0 020:945.338 - 0.298ms returns FALSE
T2EE0 020:945.379 JLINK_IsHalted()
T2EE0 020:945.575 - 0.195ms returns FALSE
T2EE0 021:054.280 JLINK_IsHalted()
T2EE0 021:054.594 - 0.313ms returns FALSE
T2EE0 021:054.649 JLINK_IsHalted()
T2EE0 021:054.830 - 0.181ms returns FALSE
T2EE0 021:164.651 JLINK_IsHalted()
T2EE0 021:165.006 - 0.354ms returns FALSE
T2EE0 021:165.072 JLINK_IsHalted()
T2EE0 021:165.374 - 0.299ms returns FALSE
T2EE0 021:273.103 JLINK_IsHalted()
T2EE0 021:273.409 - 0.305ms returns FALSE
T2EE0 021:273.468 JLINK_IsHalted()
T2EE0 021:273.702 - 0.232ms returns FALSE
T2EE0 021:382.482 JLINK_IsHalted()
T2EE0 021:382.788 - 0.305ms returns FALSE
T2EE0 021:382.841 JLINK_IsHalted()
T2EE0 021:383.073 - 0.231ms returns FALSE
T2EE0 021:492.726 JLINK_IsHalted()
T2EE0 021:493.171 - 0.443ms returns FALSE
T2EE0 021:493.291 JLINK_IsHalted()
T2EE0 021:493.538 - 0.245ms returns FALSE
T2EE0 021:601.362 JLINK_IsHalted()
T2EE0 021:601.755 - 0.391ms returns FALSE
T2EE0 021:601.868 JLINK_IsHalted()
T2EE0 021:602.117 - 0.248ms returns FALSE
T2EE0 021:711.476 JLINK_IsHalted()
T2EE0 021:711.816 - 0.339ms returns FALSE
T2EE0 021:711.881 JLINK_IsHalted()
T2EE0 021:712.123 - 0.241ms returns FALSE
T2EE0 021:820.719 JLINK_IsHalted()
T2EE0 021:821.033 - 0.312ms returns FALSE
T2EE0 021:821.092 JLINK_IsHalted()
T2EE0 021:821.329 - 0.235ms returns FALSE
T413C 021:845.907 JLINK_IsHalted()
T413C 021:846.220 - 0.312ms returns FALSE
T413C 021:846.264 JLINK_IsHalted()
T413C 021:846.481 - 0.216ms returns FALSE
T2EE0 021:929.931 JLINK_IsHalted()
T2EE0 021:931.919 - 1.986ms returns FALSE
T2EE0 021:931.992 JLINK_IsHalted()
T2EE0 021:932.241 - 0.248ms returns FALSE
T2EE0 022:039.176 JLINK_IsHalted()
T2EE0 022:039.502 - 0.325ms returns FALSE
T2EE0 022:039.555 JLINK_IsHalted()
T2EE0 022:039.763 - 0.207ms returns FALSE
T2EE0 022:148.210 JLINK_IsHalted()
T2EE0 022:148.572 - 0.361ms returns FALSE
T2EE0 022:148.624 JLINK_IsHalted()
T2EE0 022:148.913 - 0.288ms returns FALSE
T2EE0 022:257.698 JLINK_IsHalted()
T2EE0 022:258.003 - 0.305ms returns FALSE
T2EE0 022:258.050 JLINK_IsHalted()
T2EE0 022:258.276 - 0.225ms returns FALSE
T2EE0 022:367.195 JLINK_IsHalted()
T2EE0 022:367.529 - 0.333ms returns FALSE
T2EE0 022:367.583 JLINK_IsHalted()
T2EE0 022:367.770 - 0.186ms returns FALSE
T2EE0 022:476.414 JLINK_IsHalted()
T2EE0 022:476.715 - 0.301ms returns FALSE
T2EE0 022:476.773 JLINK_IsHalted()
T2EE0 022:477.045 - 0.270ms returns FALSE
T2EE0 022:586.399 JLINK_IsHalted()
T2EE0 022:586.717 - 0.317ms returns FALSE
T2EE0 022:586.784 JLINK_IsHalted()
T2EE0 022:586.985 - 0.200ms returns FALSE
T2EE0 022:695.453 JLINK_IsHalted()
T2EE0 022:695.758 - 0.305ms returns FALSE
T2EE0 022:695.809 JLINK_IsHalted()
T2EE0 022:695.996 - 0.186ms returns FALSE
T2EE0 022:804.819 JLINK_IsHalted()
T2EE0 022:805.112 - 0.292ms returns FALSE
T2EE0 022:805.166 JLINK_IsHalted()
T2EE0 022:805.436 - 0.269ms returns FALSE
T413C 022:848.119 JLINK_IsHalted()
T413C 022:848.412 - 0.292ms returns FALSE
T413C 022:848.465 JLINK_IsHalted()
T413C 022:848.795 - 0.328ms returns FALSE
T2EE0 022:913.653 JLINK_IsHalted()
T2EE0 022:913.930 - 0.277ms returns FALSE
T2EE0 022:913.980 JLINK_IsHalted()
T2EE0 022:914.166 - 0.185ms returns FALSE
T2EE0 023:023.968 JLINK_IsHalted()
T2EE0 023:024.258 - 0.289ms returns FALSE
T2EE0 023:024.311 JLINK_IsHalted()
T2EE0 023:024.507 - 0.195ms returns FALSE
T2EE0 023:133.304 JLINK_IsHalted()
T2EE0 023:133.623 - 0.318ms returns FALSE
T2EE0 023:133.676 JLINK_IsHalted()
T2EE0 023:133.902 - 0.224ms returns FALSE
T2EE0 023:242.224 JLINK_IsHalted()
T2EE0 023:242.560 - 0.335ms returns FALSE
T2EE0 023:242.616 JLINK_IsHalted()
T2EE0 023:242.841 - 0.223ms returns FALSE
T2EE0 023:353.494 JLINK_IsHalted()
T2EE0 023:353.801 - 0.306ms returns FALSE
T2EE0 023:353.844 JLINK_IsHalted()
T2EE0 023:354.034 - 0.190ms returns FALSE
T2EE0 023:460.898 JLINK_IsHalted()
T2EE0 023:461.351 - 0.452ms returns FALSE
T2EE0 023:461.403 JLINK_IsHalted()
T2EE0 023:461.670 - 0.265ms returns FALSE
T2EE0 023:569.978 JLINK_IsHalted()
T2EE0 023:570.307 - 0.329ms returns FALSE
T2EE0 023:570.359 JLINK_IsHalted()
T2EE0 023:570.587 - 0.227ms returns FALSE
T2EE0 023:679.615 JLINK_IsHalted()
T2EE0 023:679.977 - 0.362ms returns FALSE
T2EE0 023:680.047 JLINK_IsHalted()
T2EE0 023:680.315 - 0.266ms returns FALSE
T2EE0 023:788.854 JLINK_IsHalted()
T2EE0 023:789.184 - 0.329ms returns FALSE
T2EE0 023:789.238 JLINK_IsHalted()
T2EE0 023:789.456 - 0.217ms returns FALSE
T413C 023:849.155 JLINK_IsHalted()
T413C 023:849.488 - 0.332ms returns FALSE
T413C 023:849.530 JLINK_IsHalted()
T413C 023:849.752 - 0.222ms returns FALSE
T2EE0 023:898.198 JLINK_IsHalted()
T2EE0 023:898.516 - 0.317ms returns FALSE
T2EE0 023:898.568 JLINK_IsHalted()
T2EE0 023:898.794 - 0.224ms returns FALSE
T2EE0 024:007.411 JLINK_IsHalted()
T2EE0 024:007.745 - 0.333ms returns FALSE
T2EE0 024:007.788 JLINK_IsHalted()
T2EE0 024:008.011 - 0.222ms returns FALSE
T2EE0 024:117.286 JLINK_IsHalted()
T2EE0 024:117.626 - 0.339ms returns FALSE
T2EE0 024:117.682 JLINK_IsHalted()
T2EE0 024:117.894 - 0.211ms returns FALSE
T2EE0 024:226.861 JLINK_IsHalted()
T2EE0 024:227.320 - 0.458ms returns FALSE
T2EE0 024:227.409 JLINK_IsHalted()
T2EE0 024:227.704 - 0.293ms returns FALSE
T2EE0 024:335.630 JLINK_IsHalted()
T2EE0 024:336.013 - 0.380ms returns FALSE
T2EE0 024:336.125 JLINK_IsHalted()
T2EE0 024:336.413 - 0.287ms returns FALSE
T2EE0 024:445.140 JLINK_IsHalted()
T2EE0 024:445.529 - 0.387ms returns FALSE
T2EE0 024:445.593 JLINK_IsHalted()
T2EE0 024:445.858 - 0.262ms returns FALSE
T2EE0 024:555.082 JLINK_IsHalted()
T2EE0 024:555.411 - 0.329ms returns FALSE
T2EE0 024:555.457 JLINK_IsHalted()
T2EE0 024:555.669 - 0.211ms returns FALSE
T2EE0 024:664.499 JLINK_IsHalted()
T2EE0 024:664.784 - 0.284ms returns FALSE
T2EE0 024:664.826 JLINK_IsHalted()
T2EE0 024:665.170 - 0.343ms returns FALSE
T2EE0 024:773.479 JLINK_IsHalted()
T2EE0 024:773.756 - 0.276ms returns FALSE
T2EE0 024:773.798 JLINK_IsHalted()
T2EE0 024:774.002 - 0.203ms returns FALSE
T413C 024:849.653 JLINK_IsHalted()
T413C 024:849.938 - 0.285ms returns FALSE
T413C 024:849.974 JLINK_IsHalted()
T413C 024:850.162 - 0.187ms returns FALSE
T2EE0 024:882.479 JLINK_IsHalted()
T2EE0 024:882.780 - 0.300ms returns FALSE
T2EE0 024:882.816 JLINK_IsHalted()
T2EE0 024:882.979 - 0.162ms returns FALSE
T2EE0 024:992.725 JLINK_IsHalted()
T2EE0 024:993.011 - 0.285ms returns FALSE
T2EE0 024:993.053 JLINK_IsHalted()
T2EE0 024:993.288 - 0.234ms returns FALSE
T2EE0 025:102.002 JLINK_IsHalted()
T2EE0 025:102.301 - 0.299ms returns FALSE
T2EE0 025:102.354 JLINK_IsHalted()
T2EE0 025:102.543 - 0.188ms returns FALSE
T2EE0 025:211.381 JLINK_IsHalted()
T2EE0 025:211.687 - 0.305ms returns FALSE
T2EE0 025:211.741 JLINK_IsHalted()
T2EE0 025:211.957 - 0.215ms returns FALSE
T2EE0 025:319.890 JLINK_IsHalted()
T2EE0 025:320.186 - 0.296ms returns FALSE
T2EE0 025:320.243 JLINK_IsHalted()
T2EE0 025:320.453 - 0.209ms returns FALSE
T2EE0 025:430.170 JLINK_IsHalted()
T2EE0 025:430.544 - 0.373ms returns FALSE
T2EE0 025:430.597 JLINK_IsHalted()
T2EE0 025:430.858 - 0.260ms returns FALSE
T2EE0 025:539.407 JLINK_IsHalted()
T2EE0 025:539.819 - 0.410ms returns FALSE
T2EE0 025:539.933 JLINK_IsHalted()
T2EE0 025:540.250 - 0.315ms returns FALSE
T2EE0 025:648.104 JLINK_IsHalted()
T2EE0 025:648.466 - 0.362ms returns FALSE
T2EE0 025:648.529 JLINK_IsHalted()
T2EE0 025:648.840 - 0.310ms returns FALSE
T2EE0 025:757.652 JLINK_IsHalted()
T2EE0 025:757.992 - 0.338ms returns FALSE
T2EE0 025:758.047 JLINK_IsHalted()
T2EE0 025:758.319 - 0.271ms returns FALSE
T413C 025:849.900 JLINK_IsHalted()
T413C 025:850.217 - 0.317ms returns FALSE
T413C 025:850.259 JLINK_IsHalted()
T413C 025:850.456 - 0.196ms returns FALSE
T2EE0 025:866.866 JLINK_IsHalted()
T2EE0 025:867.157 - 0.291ms returns FALSE
T2EE0 025:867.199 JLINK_IsHalted()
T2EE0 025:867.417 - 0.216ms returns FALSE
T2EE0 025:976.144 JLINK_IsHalted()
T2EE0 025:976.519 - 0.374ms returns FALSE
T2EE0 025:976.582 JLINK_IsHalted()
T2EE0 025:976.807 - 0.223ms returns FALSE
T2EE0 026:086.365 JLINK_IsHalted()
T2EE0 026:086.671 - 0.305ms returns FALSE
T2EE0 026:086.713 JLINK_IsHalted()
T2EE0 026:086.933 - 0.219ms returns FALSE
T2EE0 026:195.432 JLINK_IsHalted()
T2EE0 026:195.755 - 0.320ms returns FALSE
T2EE0 026:195.865 JLINK_IsHalted()
T2EE0 026:196.171 - 0.304ms returns FALSE
T2EE0 026:305.324 JLINK_IsHalted()
T2EE0 026:305.621 - 0.297ms returns FALSE
T2EE0 026:305.690 JLINK_IsHalted()
T2EE0 026:305.901 - 0.210ms returns FALSE
T2EE0 026:413.965 JLINK_IsHalted()
T2EE0 026:414.298 - 0.332ms returns FALSE
T2EE0 026:414.353 JLINK_IsHalted()
T2EE0 026:414.618 - 0.264ms returns FALSE
T2EE0 026:523.988 JLINK_IsHalted()
T2EE0 026:524.339 - 0.350ms returns FALSE
T2EE0 026:524.381 JLINK_IsHalted()
T2EE0 026:524.617 - 0.235ms returns FALSE
T2EE0 026:632.742 JLINK_IsHalted()
T2EE0 026:633.049 - 0.307ms returns FALSE
T2EE0 026:633.091 JLINK_IsHalted()
T2EE0 026:633.288 - 0.196ms returns FALSE
T2EE0 026:741.943 JLINK_IsHalted()
T2EE0 026:742.186 - 0.242ms returns FALSE
T2EE0 026:742.237 JLINK_IsHalted()
T2EE0 026:742.409 - 0.171ms returns FALSE
T2EE0 026:851.138 JLINK_IsHalted()
T2EE0 026:851.466 - 0.326ms returns FALSE
T2EE0 026:851.523 JLINK_IsHalted()
T2EE0 026:851.743 - 0.218ms returns FALSE
T413C 026:851.844 JLINK_IsHalted()
T413C 026:852.081 - 0.236ms returns FALSE
T413C 026:852.150 JLINK_IsHalted()
T413C 026:852.336 - 0.185ms returns FALSE
T2EE0 026:960.779 JLINK_IsHalted()
T2EE0 026:961.165 - 0.384ms returns FALSE
T2EE0 026:961.226 JLINK_IsHalted()
T2EE0 026:961.492 - 0.265ms returns FALSE
T2EE0 027:070.367 JLINK_IsHalted()
T2EE0 027:070.724 - 0.355ms returns FALSE
T2EE0 027:070.792 JLINK_IsHalted()
T2EE0 027:071.008 - 0.214ms returns FALSE
T2EE0 027:179.381 JLINK_IsHalted()
T2EE0 027:179.704 - 0.322ms returns FALSE
T2EE0 027:179.744 JLINK_IsHalted()
T2EE0 027:179.913 - 0.168ms returns FALSE
T2EE0 027:288.645 JLINK_IsHalted()
T2EE0 027:288.964 - 0.318ms returns FALSE
T2EE0 027:289.025 JLINK_IsHalted()
T2EE0 027:289.235 - 0.209ms returns FALSE
T2EE0 027:398.872 JLINK_IsHalted()
T2EE0 027:399.187 - 0.314ms returns FALSE
T2EE0 027:399.240 JLINK_IsHalted()
T2EE0 027:399.455 - 0.214ms returns FALSE
T2EE0 027:508.071 JLINK_IsHalted()
T2EE0 027:508.371 - 0.299ms returns FALSE
T2EE0 027:508.424 JLINK_IsHalted()
T2EE0 027:508.615 - 0.190ms returns FALSE
T2EE0 027:617.432 JLINK_IsHalted()
T2EE0 027:617.745 - 0.312ms returns FALSE
T2EE0 027:617.800 JLINK_IsHalted()
T2EE0 027:618.023 - 0.222ms returns FALSE
T2EE0 027:726.857 JLINK_IsHalted()
T2EE0 027:727.269 - 0.410ms returns FALSE
T2EE0 027:727.341 JLINK_IsHalted()
T2EE0 027:727.649 - 0.307ms returns FALSE
T2EE0 027:836.043 JLINK_IsHalted()
T2EE0 027:836.367 - 0.323ms returns FALSE
T2EE0 027:836.420 JLINK_IsHalted()
T2EE0 027:836.622 - 0.201ms returns FALSE
T413C 027:853.283 JLINK_IsHalted()
T413C 027:853.585 - 0.301ms returns FALSE
T413C 027:853.626 JLINK_IsHalted()
T413C 027:853.899 - 0.272ms returns FALSE
T2EE0 027:945.343 JLINK_IsHalted()
T2EE0 027:945.681 - 0.338ms returns FALSE
T2EE0 027:945.736 JLINK_IsHalted()
T2EE0 027:946.053 - 0.316ms returns FALSE
T2EE0 028:054.639 JLINK_IsHalted()
T2EE0 028:054.993 - 0.353ms returns FALSE
T2EE0 028:055.045 JLINK_IsHalted()
T2EE0 028:055.237 - 0.191ms returns FALSE
T2EE0 028:164.234 JLINK_IsHalted()
T2EE0 028:164.576 - 0.341ms returns FALSE
T2EE0 028:164.635 JLINK_IsHalted()
T2EE0 028:164.842 - 0.205ms returns FALSE
T2EE0 028:273.534 JLINK_IsHalted()
T2EE0 028:273.980 - 0.445ms returns FALSE
T2EE0 028:274.060 JLINK_IsHalted()
T2EE0 028:274.279 - 0.218ms returns FALSE
T2EE0 028:383.131 JLINK_IsHalted()
T2EE0 028:383.442 - 0.310ms returns FALSE
T2EE0 028:383.501 JLINK_IsHalted()
T2EE0 028:383.718 - 0.216ms returns FALSE
T2EE0 028:492.660 JLINK_IsHalted()
T2EE0 028:493.032 - 0.371ms returns FALSE
T2EE0 028:493.089 JLINK_IsHalted()
T2EE0 028:493.299 - 0.209ms returns FALSE
T2EE0 028:601.953 JLINK_IsHalted()
T2EE0 028:602.249 - 0.296ms returns FALSE
T2EE0 028:602.307 JLINK_IsHalted()
T2EE0 028:602.488 - 0.180ms returns FALSE
T2EE0 028:711.350 JLINK_IsHalted()
T2EE0 028:711.656 - 0.305ms returns FALSE
T2EE0 028:711.708 JLINK_IsHalted()
T2EE0 028:711.900 - 0.190ms returns FALSE
T2EE0 028:820.633 JLINK_IsHalted()
T2EE0 028:820.898 - 0.264ms returns FALSE
T2EE0 028:820.950 JLINK_IsHalted()
T2EE0 028:821.154 - 0.204ms returns FALSE
T413C 028:854.860 JLINK_IsHalted()
T413C 028:855.168 - 0.307ms returns FALSE
T413C 028:855.211 JLINK_IsHalted()
T413C 028:855.409 - 0.197ms returns FALSE
T2EE0 028:929.838 JLINK_IsHalted()
T2EE0 028:930.145 - 0.306ms returns FALSE
T2EE0 028:930.192 JLINK_IsHalted()
T2EE0 028:930.427 - 0.234ms returns FALSE
T2EE0 029:039.445 JLINK_IsHalted()
T2EE0 029:039.769 - 0.324ms returns FALSE
T2EE0 029:039.815 JLINK_IsHalted()
T2EE0 029:040.040 - 0.225ms returns FALSE
T2EE0 029:148.234 JLINK_IsHalted()
T2EE0 029:148.652 - 0.417ms returns FALSE
T2EE0 029:148.705 JLINK_IsHalted()
T2EE0 029:148.932 - 0.226ms returns FALSE
T2EE0 029:257.664 JLINK_IsHalted()
T2EE0 029:257.999 - 0.334ms returns FALSE
T2EE0 029:258.087 JLINK_IsHalted()
T2EE0 029:258.400 - 0.312ms returns FALSE
T2EE0 029:367.102 JLINK_IsHalted()
T2EE0 029:367.466 - 0.363ms returns FALSE
T2EE0 029:367.546 JLINK_IsHalted()
T2EE0 029:367.769 - 0.222ms returns FALSE
T2EE0 029:477.131 JLINK_IsHalted()
T2EE0 029:477.456 - 0.325ms returns FALSE
T2EE0 029:477.509 JLINK_IsHalted()
T2EE0 029:477.734 - 0.223ms returns FALSE
T2EE0 029:586.057 JLINK_IsHalted()
T2EE0 029:586.375 - 0.317ms returns FALSE
T2EE0 029:586.428 JLINK_IsHalted()
T2EE0 029:586.626 - 0.196ms returns FALSE
T2EE0 029:695.759 JLINK_IsHalted()
T2EE0 029:696.066 - 0.307ms returns FALSE
T2EE0 029:696.118 JLINK_IsHalted()
T2EE0 029:696.332 - 0.213ms returns FALSE
T2EE0 029:805.037 JLINK_IsHalted()
T2EE0 029:805.342 - 0.304ms returns FALSE
T2EE0 029:805.388 JLINK_IsHalted()
T2EE0 029:805.666 - 0.276ms returns FALSE
T413C 029:854.972 JLINK_IsHalted()
T413C 029:855.263 - 0.290ms returns FALSE
T413C 029:855.310 JLINK_IsHalted()
T413C 029:855.499 - 0.188ms returns FALSE
T2EE0 029:913.846 JLINK_IsHalted()
T2EE0 029:914.195 - 0.348ms returns FALSE
T2EE0 029:914.258 JLINK_IsHalted()
T2EE0 029:914.489 - 0.229ms returns FALSE
T2EE0 030:023.056 JLINK_IsHalted()
T2EE0 030:023.383 - 0.326ms returns FALSE
T2EE0 030:023.441 JLINK_IsHalted()
T2EE0 030:023.698 - 0.256ms returns FALSE
T2EE0 030:133.250 JLINK_IsHalted()
T2EE0 030:133.587 - 0.336ms returns FALSE
T2EE0 030:133.638 JLINK_IsHalted()
T2EE0 030:133.913 - 0.274ms returns FALSE
T2EE0 030:242.326 JLINK_IsHalted()
T2EE0 030:242.653 - 0.326ms returns FALSE
T2EE0 030:242.706 JLINK_IsHalted()
T2EE0 030:242.932 - 0.226ms returns FALSE
T2EE0 030:351.991 JLINK_IsHalted()
T2EE0 030:352.316 - 0.324ms returns FALSE
T2EE0 030:352.359 JLINK_IsHalted()
T2EE0 030:352.687 - 0.325ms returns FALSE
T2EE0 030:460.891 JLINK_IsHalted()
T2EE0 030:461.208 - 0.316ms returns FALSE
T2EE0 030:461.266 JLINK_IsHalted()
T2EE0 030:461.585 - 0.318ms returns FALSE
T2EE0 030:570.151 JLINK_IsHalted()
T2EE0 030:570.494 - 0.342ms returns FALSE
T2EE0 030:570.551 JLINK_IsHalted()
T2EE0 030:570.792 - 0.241ms returns FALSE
T2EE0 030:679.722 JLINK_IsHalted()
T2EE0 030:680.061 - 0.339ms returns FALSE
T2EE0 030:680.112 JLINK_IsHalted()
T2EE0 030:680.326 - 0.212ms returns FALSE
T2EE0 030:788.932 JLINK_IsHalted()
T2EE0 030:789.236 - 0.303ms returns FALSE
T2EE0 030:789.286 JLINK_IsHalted()
T2EE0 030:789.471 - 0.183ms returns FALSE
T413C 030:856.167 JLINK_IsHalted()
T413C 030:856.482 - 0.313ms returns FALSE
T413C 030:856.544 JLINK_IsHalted()
T413C 030:856.755 - 0.210ms returns FALSE
T2EE0 030:898.970 JLINK_IsHalted()
T2EE0 030:899.306 - 0.336ms returns FALSE
T2EE0 030:899.369 JLINK_IsHalted()
T2EE0 030:899.618 - 0.247ms returns FALSE
T2EE0 031:008.318 JLINK_IsHalted()
T2EE0 031:008.633 - 0.314ms returns FALSE
T2EE0 031:008.688 JLINK_IsHalted()
T2EE0 031:008.975 - 0.286ms returns FALSE
T2EE0 031:116.944 JLINK_IsHalted()
T2EE0 031:117.252 - 0.307ms returns FALSE
T2EE0 031:117.297 JLINK_IsHalted()
T2EE0 031:117.517 - 0.219ms returns FALSE
T2EE0 031:226.307 JLINK_IsHalted()
T2EE0 031:226.634 - 0.327ms returns FALSE
T2EE0 031:226.682 JLINK_IsHalted()
T2EE0 031:226.899 - 0.216ms returns FALSE
T2EE0 031:336.414 JLINK_IsHalted()
T2EE0 031:336.755 - 0.341ms returns FALSE
T2EE0 031:336.809 JLINK_IsHalted()
T2EE0 031:337.068 - 0.258ms returns FALSE
T2EE0 031:445.701 JLINK_IsHalted()
T2EE0 031:446.138 - 0.435ms returns FALSE
T2EE0 031:446.251 JLINK_IsHalted()
T2EE0 031:446.569 - 0.316ms returns FALSE
T2EE0 031:555.024 JLINK_IsHalted()
T2EE0 031:555.348 - 0.323ms returns FALSE
T2EE0 031:555.394 JLINK_IsHalted()
T2EE0 031:555.585 - 0.190ms returns FALSE
T2EE0 031:664.564 JLINK_IsHalted()
T2EE0 031:664.882 - 0.318ms returns FALSE
T2EE0 031:664.923 JLINK_IsHalted()
T2EE0 031:665.120 - 0.196ms returns FALSE
T2EE0 031:773.590 JLINK_IsHalted()
T2EE0 031:773.915 - 0.324ms returns FALSE
T2EE0 031:773.968 JLINK_IsHalted()
T2EE0 031:774.171 - 0.202ms returns FALSE
T413C 031:857.232 JLINK_IsHalted()
T413C 031:857.546 - 0.314ms returns FALSE
T413C 031:857.588 JLINK_IsHalted()
T413C 031:857.790 - 0.201ms returns FALSE
T2EE0 031:883.117 JLINK_IsHalted()
T2EE0 031:883.414 - 0.297ms returns FALSE
T2EE0 031:883.469 JLINK_IsHalted()
T2EE0 031:883.663 - 0.193ms returns FALSE
T2EE0 031:992.412 JLINK_IsHalted()
T2EE0 031:992.716 - 0.304ms returns FALSE
T2EE0 031:992.768 JLINK_IsHalted()
T2EE0 031:992.958 - 0.190ms returns FALSE
T2EE0 032:101.735 JLINK_IsHalted()
T2EE0 032:102.022 - 0.286ms returns FALSE
T2EE0 032:102.074 JLINK_IsHalted()
T2EE0 032:102.393 - 0.318ms returns FALSE
T2EE0 032:210.538 JLINK_IsHalted()
T2EE0 032:210.884 - 0.344ms returns FALSE
T2EE0 032:210.963 JLINK_IsHalted()
T2EE0 032:211.174 - 0.209ms returns FALSE
T2EE0 032:320.695 JLINK_IsHalted()
T2EE0 032:321.036 - 0.339ms returns FALSE
T2EE0 032:321.091 JLINK_IsHalted()
T2EE0 032:321.374 - 0.281ms returns FALSE
T2EE0 032:430.056 JLINK_IsHalted()
T2EE0 032:430.375 - 0.318ms returns FALSE
T2EE0 032:430.444 JLINK_IsHalted()
T2EE0 032:430.705 - 0.259ms returns FALSE
T2EE0 032:539.403 JLINK_IsHalted()
T2EE0 032:539.741 - 0.338ms returns FALSE
T2EE0 032:539.784 JLINK_IsHalted()
T2EE0 032:540.100 - 0.314ms returns FALSE
T2EE0 032:648.198 JLINK_IsHalted()
T2EE0 032:648.578 - 0.379ms returns FALSE
T2EE0 032:648.626 JLINK_IsHalted()
T2EE0 032:648.825 - 0.198ms returns FALSE
T2EE0 032:757.826 JLINK_IsHalted()
T2EE0 032:758.165 - 0.337ms returns FALSE
T2EE0 032:758.217 JLINK_IsHalted()
T2EE0 032:758.459 - 0.240ms returns FALSE
T413C 032:857.662 JLINK_IsHalted()
T413C 032:859.303 - 1.640ms returns FALSE
T413C 032:859.381 JLINK_IsHalted()
T413C 032:859.593 - 0.211ms returns FALSE
T2EE0 032:867.364 JLINK_IsHalted()
T2EE0 032:867.659 - 0.294ms returns FALSE
T2EE0 032:867.711 JLINK_IsHalted()
T2EE0 032:867.981 - 0.269ms returns FALSE
T2EE0 032:976.692 JLINK_IsHalted()
T2EE0 032:977.004 - 0.311ms returns FALSE
T2EE0 032:977.057 JLINK_IsHalted()
T2EE0 032:977.278 - 0.219ms returns FALSE
T2EE0 033:085.948 JLINK_IsHalted()
T2EE0 033:086.261 - 0.313ms returns FALSE
T2EE0 033:086.303 JLINK_IsHalted()
T2EE0 033:086.538 - 0.234ms returns FALSE
T2EE0 033:195.604 JLINK_IsHalted()
T2EE0 033:195.904 - 0.299ms returns FALSE
T2EE0 033:195.965 JLINK_IsHalted()
T2EE0 033:196.154 - 0.188ms returns FALSE
T2EE0 033:305.123 JLINK_IsHalted()
T2EE0 033:305.493 - 0.369ms returns FALSE
T2EE0 033:305.536 JLINK_IsHalted()
T2EE0 033:305.759 - 0.222ms returns FALSE
T2EE0 033:414.262 JLINK_IsHalted()
T2EE0 033:414.598 - 0.334ms returns FALSE
T2EE0 033:414.644 JLINK_IsHalted()
T2EE0 033:414.887 - 0.242ms returns FALSE
T2EE0 033:523.493 JLINK_IsHalted()
T2EE0 033:523.857 - 0.363ms returns FALSE
T2EE0 033:523.909 JLINK_IsHalted()
T2EE0 033:524.186 - 0.276ms returns FALSE
T2EE0 033:632.468 JLINK_IsHalted()
T2EE0 033:632.784 - 0.315ms returns FALSE
T2EE0 033:632.908 JLINK_IsHalted()
T2EE0 033:633.210 - 0.300ms returns FALSE
T2EE0 033:742.482 JLINK_IsHalted()
T2EE0 033:742.792 - 0.310ms returns FALSE
T2EE0 033:742.847 JLINK_IsHalted()
T2EE0 033:743.034 - 0.187ms returns FALSE
T2EE0 033:851.663 JLINK_IsHalted()
T2EE0 033:851.958 - 0.294ms returns FALSE
T2EE0 033:852.008 JLINK_IsHalted()
T2EE0 033:852.204 - 0.195ms returns FALSE
T413C 033:859.821 JLINK_IsHalted()
T413C 033:860.130 - 0.308ms returns FALSE
T413C 033:860.175 JLINK_IsHalted()
T413C 033:860.371 - 0.195ms returns FALSE
T2EE0 033:960.662 JLINK_IsHalted()
T2EE0 033:960.959 - 0.297ms returns FALSE
T2EE0 033:961.001 JLINK_IsHalted()
T2EE0 033:961.162 - 0.160ms returns FALSE
T2EE0 034:070.781 JLINK_IsHalted()
T2EE0 034:071.189 - 0.407ms returns FALSE
T2EE0 034:071.281 JLINK_IsHalted()
T2EE0 034:071.511 - 0.229ms returns FALSE
T2EE0 034:180.118 JLINK_IsHalted()
T2EE0 034:180.434 - 0.315ms returns FALSE
T2EE0 034:180.477 JLINK_IsHalted()
T2EE0 034:180.661 - 0.183ms returns FALSE
T2EE0 034:289.462 JLINK_IsHalted()
T2EE0 034:289.745 - 0.282ms returns FALSE
T2EE0 034:289.790 JLINK_IsHalted()
T2EE0 034:290.019 - 0.228ms returns FALSE
T2EE0 034:398.843 JLINK_IsHalted()
T2EE0 034:399.169 - 0.325ms returns FALSE
T2EE0 034:399.223 JLINK_IsHalted()
T2EE0 034:399.453 - 0.229ms returns FALSE
T2EE0 034:507.501 JLINK_IsHalted()
T2EE0 034:507.841 - 0.339ms returns FALSE
T2EE0 034:507.890 JLINK_IsHalted()
T2EE0 034:508.173 - 0.280ms returns FALSE
T2EE0 034:616.774 JLINK_IsHalted()
T2EE0 034:617.097 - 0.322ms returns FALSE
T2EE0 034:617.156 JLINK_IsHalted()
T2EE0 034:617.447 - 0.290ms returns FALSE
T2EE0 034:726.964 JLINK_IsHalted()
T2EE0 034:727.330 - 0.365ms returns FALSE
T2EE0 034:727.376 JLINK_IsHalted()
T2EE0 034:727.586 - 0.209ms returns FALSE
T2EE0 034:836.043 JLINK_IsHalted()
T2EE0 034:836.370 - 0.326ms returns FALSE
T2EE0 034:836.419 JLINK_IsHalted()
T2EE0 034:836.654 - 0.234ms returns FALSE
T413C 034:860.183 JLINK_IsHalted()
T413C 034:860.589 - 0.406ms returns FALSE
T413C 034:860.665 JLINK_IsHalted()
T413C 034:860.943 - 0.276ms returns FALSE
T2EE0 034:944.923 JLINK_IsHalted()
T2EE0 034:945.341 - 0.417ms returns FALSE
T2EE0 034:945.396 JLINK_IsHalted()
T2EE0 034:945.648 - 0.251ms returns FALSE
T2EE0 035:055.057 JLINK_IsHalted()
T2EE0 035:055.362 - 0.303ms returns FALSE
T2EE0 035:055.404 JLINK_IsHalted()
T2EE0 035:055.616 - 0.211ms returns FALSE
T2EE0 035:164.376 JLINK_IsHalted()
T2EE0 035:164.686 - 0.309ms returns FALSE
T2EE0 035:164.736 JLINK_IsHalted()
T2EE0 035:164.901 - 0.164ms returns FALSE
T2EE0 035:273.637 JLINK_IsHalted()
T2EE0 035:273.959 - 0.320ms returns FALSE
T2EE0 035:274.002 JLINK_IsHalted()
T2EE0 035:274.199 - 0.195ms returns FALSE
T2EE0 035:382.822 JLINK_IsHalted()
T2EE0 035:383.192 - 0.368ms returns FALSE
T2EE0 035:383.254 JLINK_IsHalted()
T2EE0 035:383.492 - 0.237ms returns FALSE
T2EE0 035:492.127 JLINK_IsHalted()
T2EE0 035:492.474 - 0.344ms returns FALSE
T2EE0 035:492.587 JLINK_IsHalted()
T2EE0 035:492.921 - 0.332ms returns FALSE
T2EE0 035:601.435 JLINK_IsHalted()
T2EE0 035:601.741 - 0.306ms returns FALSE
T2EE0 035:601.797 JLINK_IsHalted()
T2EE0 035:602.009 - 0.211ms returns FALSE
T2EE0 035:710.770 JLINK_IsHalted()
T2EE0 035:711.088 - 0.317ms returns FALSE
T2EE0 035:711.139 JLINK_IsHalted()
T2EE0 035:711.334 - 0.193ms returns FALSE
T2EE0 035:820.082 JLINK_IsHalted()
T2EE0 035:820.524 - 0.440ms returns FALSE
T2EE0 035:820.787 JLINK_IsHalted()
T2EE0 035:821.286 - 0.495ms returns FALSE
T413C 035:861.212 JLINK_IsHalted()
T413C 035:861.580 - 0.367ms returns FALSE
T413C 035:861.641 JLINK_IsHalted()
T413C 035:861.835 - 0.193ms returns FALSE
T2EE0 035:930.091 JLINK_IsHalted()
T2EE0 035:930.414 - 0.323ms returns FALSE
T2EE0 035:930.466 JLINK_IsHalted()
T2EE0 035:930.768 - 0.301ms returns FALSE
T2EE0 036:039.406 JLINK_IsHalted()
T2EE0 036:039.730 - 0.324ms returns FALSE
T2EE0 036:039.863 JLINK_IsHalted()
T2EE0 036:040.053 - 0.190ms returns FALSE
T2EE0 036:148.896 JLINK_IsHalted()
T2EE0 036:149.232 - 0.335ms returns FALSE
T2EE0 036:149.296 JLINK_IsHalted()
T2EE0 036:149.506 - 0.209ms returns FALSE
T2EE0 036:257.894 JLINK_IsHalted()
T2EE0 036:258.190 - 0.296ms returns FALSE
T2EE0 036:258.254 JLINK_IsHalted()
T2EE0 036:258.547 - 0.292ms returns FALSE
T2EE0 036:367.099 JLINK_IsHalted()
T2EE0 036:367.438 - 0.339ms returns FALSE
T2EE0 036:367.492 JLINK_IsHalted()
T2EE0 036:367.705 - 0.212ms returns FALSE
T2EE0 036:476.388 JLINK_IsHalted()
T2EE0 036:476.723 - 0.335ms returns FALSE
T2EE0 036:476.786 JLINK_IsHalted()
T2EE0 036:476.985 - 0.198ms returns FALSE
T2EE0 036:585.611 JLINK_IsHalted()
T2EE0 036:585.937 - 0.325ms returns FALSE
T2EE0 036:585.990 JLINK_IsHalted()
T2EE0 036:586.296 - 0.305ms returns FALSE
T2EE0 036:694.918 JLINK_IsHalted()
T2EE0 036:695.358 - 0.440ms returns FALSE
T2EE0 036:695.401 JLINK_IsHalted()
T2EE0 036:695.595 - 0.194ms returns FALSE
T2EE0 036:805.144 JLINK_IsHalted()
T2EE0 036:805.478 - 0.333ms returns FALSE
T2EE0 036:805.532 JLINK_IsHalted()
T2EE0 036:805.744 - 0.211ms returns FALSE
T413C 036:862.818 JLINK_IsHalted()
T413C 036:863.143 - 0.324ms returns FALSE
T413C 036:863.185 JLINK_IsHalted()
T413C 036:863.402 - 0.216ms returns FALSE
T2EE0 036:913.888 JLINK_IsHalted()
T2EE0 036:914.220 - 0.331ms returns FALSE
T2EE0 036:914.274 JLINK_IsHalted()
T2EE0 036:914.455 - 0.181ms returns FALSE
T2EE0 037:023.132 JLINK_IsHalted()
T2EE0 037:023.398 - 0.265ms returns FALSE
T2EE0 037:023.450 JLINK_IsHalted()
T2EE0 037:023.646 - 0.195ms returns FALSE
T2EE0 037:133.374 JLINK_IsHalted()
T2EE0 037:133.710 - 0.336ms returns FALSE
T2EE0 037:133.761 JLINK_IsHalted()
T2EE0 037:133.960 - 0.199ms returns FALSE
T2EE0 037:242.343 JLINK_IsHalted()
T2EE0 037:242.676 - 0.332ms returns FALSE
T2EE0 037:242.719 JLINK_IsHalted()
T2EE0 037:243.036 - 0.317ms returns FALSE
T2EE0 037:351.656 JLINK_IsHalted()
T2EE0 037:352.003 - 0.347ms returns FALSE
T2EE0 037:352.050 JLINK_IsHalted()
T2EE0 037:352.262 - 0.211ms returns FALSE
T2EE0 037:460.765 JLINK_IsHalted()
T2EE0 037:461.106 - 0.340ms returns FALSE
T2EE0 037:461.160 JLINK_IsHalted()
T2EE0 037:461.374 - 0.212ms returns FALSE
T2EE0 037:570.345 JLINK_IsHalted()
T2EE0 037:570.742 - 0.396ms returns FALSE
T2EE0 037:570.811 JLINK_IsHalted()
T2EE0 037:571.056 - 0.244ms returns FALSE
T2EE0 037:679.279 JLINK_IsHalted()
T2EE0 037:679.616 - 0.337ms returns FALSE
T2EE0 037:679.671 JLINK_IsHalted()
T2EE0 037:679.922 - 0.249ms returns FALSE
T2EE0 037:789.002 JLINK_IsHalted()
T2EE0 037:789.349 - 0.346ms returns FALSE
T2EE0 037:789.409 JLINK_IsHalted()
T2EE0 037:789.679 - 0.269ms returns FALSE
T413C 037:863.516 JLINK_IsHalted()
T413C 037:863.847 - 0.331ms returns FALSE
T413C 037:863.889 JLINK_IsHalted()
T413C 037:864.116 - 0.226ms returns FALSE
T2EE0 037:898.460 JLINK_IsHalted()
T2EE0 037:898.769 - 0.308ms returns FALSE
T2EE0 037:898.823 JLINK_IsHalted()
T2EE0 037:899.050 - 0.226ms returns FALSE
T2EE0 038:007.544 JLINK_IsHalted()
T2EE0 038:007.883 - 0.338ms returns FALSE
T2EE0 038:007.937 JLINK_IsHalted()
T2EE0 038:008.153 - 0.214ms returns FALSE
T2EE0 038:116.880 JLINK_IsHalted()
T2EE0 038:117.211 - 0.330ms returns FALSE
T2EE0 038:117.264 JLINK_IsHalted()
T2EE0 038:117.458 - 0.193ms returns FALSE
T2EE0 038:226.361 JLINK_IsHalted()
T2EE0 038:226.711 - 0.349ms returns FALSE
T2EE0 038:226.754 JLINK_IsHalted()
T2EE0 038:226.955 - 0.200ms returns FALSE
T2EE0 038:335.611 JLINK_IsHalted()
T2EE0 038:335.981 - 0.369ms returns FALSE
T2EE0 038:336.055 JLINK_IsHalted()
T2EE0 038:336.311 - 0.255ms returns FALSE
T2EE0 038:445.625 JLINK_IsHalted()
T2EE0 038:445.964 - 0.338ms returns FALSE
T2EE0 038:446.015 JLINK_IsHalted()
T2EE0 038:446.268 - 0.252ms returns FALSE
T2EE0 038:555.413 JLINK_IsHalted()
T2EE0 038:555.753 - 0.341ms returns FALSE
T2EE0 038:555.809 JLINK_IsHalted()
T2EE0 038:556.003 - 0.193ms returns FALSE
T2EE0 038:663.783 JLINK_IsHalted()
T2EE0 038:664.134 - 0.350ms returns FALSE
T2EE0 038:664.180 JLINK_IsHalted()
T2EE0 038:664.374 - 0.193ms returns FALSE
T2EE0 038:773.071 JLINK_IsHalted()
T2EE0 038:773.367 - 0.295ms returns FALSE
T2EE0 038:773.417 JLINK_IsHalted()
T2EE0 038:773.608 - 0.190ms returns FALSE
T413C 038:865.372 JLINK_IsHalted()
T413C 038:865.672 - 0.298ms returns FALSE
T413C 038:865.713 JLINK_IsHalted()
T413C 038:866.020 - 0.306ms returns FALSE
T2EE0 038:883.210 JLINK_IsHalted()
T2EE0 038:883.497 - 0.287ms returns FALSE
T2EE0 038:883.551 JLINK_IsHalted()
T2EE0 038:883.732 - 0.180ms returns FALSE
T2EE0 038:992.660 JLINK_IsHalted()
T2EE0 038:993.065 - 0.405ms returns FALSE
T2EE0 038:993.117 JLINK_IsHalted()
T2EE0 038:993.403 - 0.285ms returns FALSE
T2EE0 039:102.050 JLINK_IsHalted()
T2EE0 039:102.383 - 0.333ms returns FALSE
T2EE0 039:102.434 JLINK_IsHalted()
T2EE0 039:102.641 - 0.206ms returns FALSE
T2EE0 039:210.861 JLINK_IsHalted()
T2EE0 039:211.178 - 0.316ms returns FALSE
T2EE0 039:211.231 JLINK_IsHalted()
T2EE0 039:211.407 - 0.175ms returns FALSE
T2EE0 039:320.644 JLINK_IsHalted()
T2EE0 039:321.033 - 0.387ms returns FALSE
T2EE0 039:321.145 JLINK_IsHalted()
T2EE0 039:321.405 - 0.257ms returns FALSE
T2EE0 039:429.861 JLINK_IsHalted()
T2EE0 039:430.188 - 0.326ms returns FALSE
T2EE0 039:430.242 JLINK_IsHalted()
T2EE0 039:430.459 - 0.216ms returns FALSE
T2EE0 039:539.420 JLINK_IsHalted()
T2EE0 039:539.792 - 0.370ms returns FALSE
T2EE0 039:539.866 JLINK_IsHalted()
T2EE0 039:540.095 - 0.227ms returns FALSE
T2EE0 039:648.630 JLINK_IsHalted()
T2EE0 039:648.967 - 0.336ms returns FALSE
T2EE0 039:649.019 JLINK_IsHalted()
T2EE0 039:649.209 - 0.189ms returns FALSE
T2EE0 039:757.917 JLINK_IsHalted()
T2EE0 039:758.215 - 0.297ms returns FALSE
T2EE0 039:758.269 JLINK_IsHalted()
T2EE0 039:758.519 - 0.249ms returns FALSE
T2EE0 039:867.159 JLINK_IsHalted()
T2EE0 039:867.478 - 0.319ms returns FALSE
T2EE0 039:867.534 JLINK_IsHalted()
T2EE0 039:867.765 - 0.230ms returns FALSE
T413C 039:867.867 JLINK_IsHalted()
T413C 039:868.102 - 0.234ms returns FALSE
T413C 039:868.141 JLINK_IsHalted()
T413C 039:868.314 - 0.172ms returns FALSE
T2EE0 039:976.996 JLINK_IsHalted()
T2EE0 039:977.305 - 0.308ms returns FALSE
T2EE0 039:977.353 JLINK_IsHalted()
T2EE0 039:977.579 - 0.225ms returns FALSE
T2EE0 040:085.687 JLINK_IsHalted()
T2EE0 040:086.022 - 0.334ms returns FALSE
T2EE0 040:086.064 JLINK_IsHalted()
T2EE0 040:086.259 - 0.194ms returns FALSE
T2EE0 040:194.996 JLINK_IsHalted()
T2EE0 040:195.316 - 0.319ms returns FALSE
T2EE0 040:195.367 JLINK_IsHalted()
T2EE0 040:195.583 - 0.215ms returns FALSE
T2EE0 040:304.828 JLINK_IsHalted()
T2EE0 040:305.111 - 0.282ms returns FALSE
T2EE0 040:305.163 JLINK_IsHalted()
T2EE0 040:305.389 - 0.225ms returns FALSE
T2EE0 040:414.053 JLINK_IsHalted()
T2EE0 040:414.391 - 0.338ms returns FALSE
T2EE0 040:414.431 JLINK_IsHalted()
T2EE0 040:414.706 - 0.274ms returns FALSE
T2EE0 040:523.154 JLINK_IsHalted()
T2EE0 040:523.476 - 0.320ms returns FALSE
T2EE0 040:523.518 JLINK_IsHalted()
T2EE0 040:523.747 - 0.227ms returns FALSE
T2EE0 040:632.650 JLINK_IsHalted()
T2EE0 040:632.957 - 0.305ms returns FALSE
T2EE0 040:633.009 JLINK_IsHalted()
T2EE0 040:633.205 - 0.195ms returns FALSE
T2EE0 040:741.837 JLINK_IsHalted()
T2EE0 040:742.151 - 0.314ms returns FALSE
T2EE0 040:742.200 JLINK_IsHalted()
T2EE0 040:742.419 - 0.218ms returns FALSE
T2EE0 040:851.869 JLINK_IsHalted()
T2EE0 040:852.257 - 0.386ms returns FALSE
T2EE0 040:852.340 JLINK_IsHalted()
T2EE0 040:852.554 - 0.213ms returns FALSE
T413C 040:868.035 JLINK_IsHalted()
T413C 040:868.336 - 0.301ms returns FALSE
T413C 040:868.371 JLINK_IsHalted()
T413C 040:868.542 - 0.170ms returns FALSE
T2EE0 040:961.093 JLINK_IsHalted()
T2EE0 040:961.398 - 0.304ms returns FALSE
T2EE0 040:961.441 JLINK_IsHalted()
T2EE0 040:961.635 - 0.193ms returns FALSE
T2EE0 041:070.815 JLINK_IsHalted()
T2EE0 041:071.149 - 0.333ms returns FALSE
T2EE0 041:071.207 JLINK_IsHalted()
T2EE0 041:071.423 - 0.215ms returns FALSE
T2EE0 041:180.062 JLINK_IsHalted()
T2EE0 041:180.398 - 0.335ms returns FALSE
T2EE0 041:180.441 JLINK_IsHalted()
T2EE0 041:180.634 - 0.192ms returns FALSE
T2EE0 041:289.344 JLINK_IsHalted()
T2EE0 041:289.671 - 0.326ms returns FALSE
T2EE0 041:289.723 JLINK_IsHalted()
T2EE0 041:289.904 - 0.179ms returns FALSE
T2EE0 041:398.628 JLINK_IsHalted()
T2EE0 041:398.949 - 0.320ms returns FALSE
T2EE0 041:399.091 JLINK_IsHalted()
T2EE0 041:399.257 - 0.165ms returns FALSE
T2EE0 041:508.219 JLINK_IsHalted()
T2EE0 041:508.537 - 0.317ms returns FALSE
T2EE0 041:508.589 JLINK_IsHalted()
T2EE0 041:508.785 - 0.195ms returns FALSE
T2EE0 041:617.444 JLINK_IsHalted()
T2EE0 041:617.734 - 0.289ms returns FALSE
T2EE0 041:617.775 JLINK_IsHalted()
T2EE0 041:617.973 - 0.197ms returns FALSE
T2EE0 041:726.775 JLINK_IsHalted()
T2EE0 041:727.099 - 0.324ms returns FALSE
T2EE0 041:727.142 JLINK_IsHalted()
T2EE0 041:727.341 - 0.198ms returns FALSE
T2EE0 041:836.103 JLINK_IsHalted()
T2EE0 041:836.416 - 0.313ms returns FALSE
T2EE0 041:836.469 JLINK_IsHalted()
T2EE0 041:836.659 - 0.188ms returns FALSE
T413C 041:868.381 JLINK_IsHalted()
T413C 041:868.668 - 0.286ms returns FALSE
T413C 041:868.711 JLINK_IsHalted()
T413C 041:868.913 - 0.201ms returns FALSE
T2EE0 041:945.413 JLINK_IsHalted()
T2EE0 041:945.725 - 0.312ms returns FALSE
T2EE0 041:945.779 JLINK_IsHalted()
T2EE0 041:945.965 - 0.186ms returns FALSE
T2EE0 042:054.762 JLINK_IsHalted()
T2EE0 042:055.232 - 0.469ms returns FALSE
T2EE0 042:055.289 JLINK_IsHalted()
T2EE0 042:055.465 - 0.175ms returns FALSE
T2EE0 042:164.031 JLINK_IsHalted()
T2EE0 042:164.335 - 0.303ms returns FALSE
T2EE0 042:164.391 JLINK_IsHalted()
T2EE0 042:164.582 - 0.190ms returns FALSE
T2EE0 042:273.325 JLINK_IsHalted()
T2EE0 042:273.669 - 0.343ms returns FALSE
T2EE0 042:273.723 JLINK_IsHalted()
T2EE0 042:273.903 - 0.180ms returns FALSE
T2EE0 042:382.717 JLINK_IsHalted()
T2EE0 042:383.068 - 0.351ms returns FALSE
T2EE0 042:383.160 JLINK_IsHalted()
T2EE0 042:383.370 - 0.209ms returns FALSE
T2EE0 042:492.004 JLINK_IsHalted()
T2EE0 042:492.280 - 0.276ms returns FALSE
T2EE0 042:492.333 JLINK_IsHalted()
T2EE0 042:492.538 - 0.204ms returns FALSE
T2EE0 042:601.304 JLINK_IsHalted()
T2EE0 042:601.620 - 0.316ms returns FALSE
T2EE0 042:601.674 JLINK_IsHalted()
T2EE0 042:601.886 - 0.210ms returns FALSE
T2EE0 042:710.589 JLINK_IsHalted()
T2EE0 042:710.923 - 0.334ms returns FALSE
T2EE0 042:710.966 JLINK_IsHalted()
T2EE0 042:711.161 - 0.194ms returns FALSE
T2EE0 042:820.873 JLINK_IsHalted()
T2EE0 042:821.257 - 0.382ms returns FALSE
T2EE0 042:821.328 JLINK_IsHalted()
T2EE0 042:821.558 - 0.228ms returns FALSE
T413C 042:869.131 JLINK_IsHalted()
T413C 042:869.410 - 0.278ms returns FALSE
T413C 042:869.453 JLINK_IsHalted()
T413C 042:869.661 - 0.208ms returns FALSE
T2EE0 042:929.996 JLINK_IsHalted()
T2EE0 042:930.379 - 0.382ms returns FALSE
T2EE0 042:930.467 JLINK_IsHalted()
T2EE0 042:930.720 - 0.251ms returns FALSE
T2EE0 043:039.022 JLINK_IsHalted()
T2EE0 043:039.557 - 0.534ms returns FALSE
T2EE0 043:039.635 JLINK_IsHalted()
T2EE0 043:039.856 - 0.220ms returns FALSE
T2EE0 043:148.153 JLINK_IsHalted()
T2EE0 043:148.469 - 0.315ms returns FALSE
T2EE0 043:148.524 JLINK_IsHalted()
T2EE0 043:148.701 - 0.176ms returns FALSE
T2EE0 043:257.972 JLINK_IsHalted()
T2EE0 043:258.313 - 0.340ms returns FALSE
T2EE0 043:258.355 JLINK_IsHalted()
T2EE0 043:258.668 - 0.311ms returns FALSE
T2EE0 043:367.283 JLINK_IsHalted()
T2EE0 043:367.593 - 0.310ms returns FALSE
T2EE0 043:367.637 JLINK_IsHalted()
T2EE0 043:367.833 - 0.195ms returns FALSE
T2EE0 043:476.598 JLINK_IsHalted()
T2EE0 043:476.895 - 0.296ms returns FALSE
T2EE0 043:476.949 JLINK_IsHalted()
T2EE0 043:477.129 - 0.178ms returns FALSE
T2EE0 043:585.889 JLINK_IsHalted()
T2EE0 043:586.211 - 0.322ms returns FALSE
T2EE0 043:586.266 JLINK_IsHalted()
T2EE0 043:586.539 - 0.272ms returns FALSE
T2EE0 043:695.709 JLINK_IsHalted()
T2EE0 043:696.012 - 0.302ms returns FALSE
T2EE0 043:696.064 JLINK_IsHalted()
T2EE0 043:696.257 - 0.192ms returns FALSE
T2EE0 043:805.010 JLINK_IsHalted()
T2EE0 043:805.300 - 0.290ms returns FALSE
T2EE0 043:805.342 JLINK_IsHalted()
T2EE0 043:805.535 - 0.193ms returns FALSE
T413C 043:869.431 JLINK_IsHalted()
T413C 043:869.725 - 0.293ms returns FALSE
T413C 043:869.767 JLINK_IsHalted()
T413C 043:869.965 - 0.197ms returns FALSE
T2EE0 043:914.407 JLINK_IsHalted()
T2EE0 043:914.717 - 0.309ms returns FALSE
T2EE0 043:914.771 JLINK_IsHalted()
T2EE0 043:915.037 - 0.266ms returns FALSE
T2EE0 044:023.686 JLINK_IsHalted()
T2EE0 044:023.984 - 0.298ms returns FALSE
T2EE0 044:024.037 JLINK_IsHalted()
T2EE0 044:024.217 - 0.179ms returns FALSE
T2EE0 044:133.009 JLINK_IsHalted()
T2EE0 044:133.300 - 0.291ms returns FALSE
T2EE0 044:133.353 JLINK_IsHalted()
T2EE0 044:133.557 - 0.203ms returns FALSE
T2EE0 044:241.882 JLINK_IsHalted()
T2EE0 044:242.207 - 0.324ms returns FALSE
T2EE0 044:242.259 JLINK_IsHalted()
T2EE0 044:242.457 - 0.197ms returns FALSE
T2EE0 044:351.282 JLINK_IsHalted()
T2EE0 044:351.607 - 0.324ms returns FALSE
T2EE0 044:351.662 JLINK_IsHalted()
T2EE0 044:351.846 - 0.183ms returns FALSE
T2EE0 044:461.415 JLINK_IsHalted()
T2EE0 044:461.766 - 0.349ms returns FALSE
T2EE0 044:461.834 JLINK_IsHalted()
T2EE0 044:462.072 - 0.237ms returns FALSE
T2EE0 044:570.382 JLINK_IsHalted()
T2EE0 044:570.688 - 0.306ms returns FALSE
T2EE0 044:570.742 JLINK_IsHalted()
T2EE0 044:570.955 - 0.212ms returns FALSE
T2EE0 044:679.662 JLINK_IsHalted()
T2EE0 044:680.000 - 0.337ms returns FALSE
T2EE0 044:680.054 JLINK_IsHalted()
T2EE0 044:680.263 - 0.207ms returns FALSE
T2EE0 044:788.854 JLINK_IsHalted()
T2EE0 044:789.202 - 0.346ms returns FALSE
T2EE0 044:789.312 JLINK_IsHalted()
T2EE0 044:789.589 - 0.275ms returns FALSE
T413C 044:870.175 JLINK_IsHalted()
T413C 044:870.493 - 0.317ms returns FALSE
T413C 044:870.535 JLINK_IsHalted()
T413C 044:870.728 - 0.193ms returns FALSE
T2EE0 044:898.085 JLINK_IsHalted()
T2EE0 044:898.392 - 0.306ms returns FALSE
T2EE0 044:898.447 JLINK_IsHalted()
T2EE0 044:898.655 - 0.207ms returns FALSE
T2EE0 045:007.543 JLINK_IsHalted()
T2EE0 045:007.862 - 0.319ms returns FALSE
T2EE0 045:007.905 JLINK_IsHalted()
T2EE0 045:008.098 - 0.192ms returns FALSE
T2EE0 045:116.770 JLINK_IsHalted()
T2EE0 045:117.116 - 0.345ms returns FALSE
T2EE0 045:117.160 JLINK_IsHalted()
T2EE0 045:117.346 - 0.186ms returns FALSE
T2EE0 045:226.454 JLINK_IsHalted()
T2EE0 045:226.782 - 0.327ms returns FALSE
T2EE0 045:226.844 JLINK_IsHalted()
T2EE0 045:227.041 - 0.196ms returns FALSE
T2EE0 045:336.458 JLINK_IsHalted()
T2EE0 045:336.829 - 0.370ms returns FALSE
T2EE0 045:336.911 JLINK_IsHalted()
T2EE0 045:337.147 - 0.234ms returns FALSE
T2EE0 045:445.662 JLINK_IsHalted()
T2EE0 045:446.045 - 0.383ms returns FALSE
T2EE0 045:446.099 JLINK_IsHalted()
T2EE0 045:446.310 - 0.210ms returns FALSE
T2EE0 045:555.293 JLINK_IsHalted()
T2EE0 045:555.641 - 0.347ms returns FALSE
T2EE0 045:555.719 JLINK_IsHalted()
T2EE0 045:555.936 - 0.216ms returns FALSE
T2EE0 045:663.778 JLINK_IsHalted()
T2EE0 045:664.095 - 0.316ms returns FALSE
T2EE0 045:664.147 JLINK_IsHalted()
T2EE0 045:664.335 - 0.187ms returns FALSE
T2EE0 045:773.246 JLINK_IsHalted()
T2EE0 045:773.552 - 0.305ms returns FALSE
T2EE0 045:773.603 JLINK_IsHalted()
T2EE0 045:773.789 - 0.185ms returns FALSE
T413C 045:871.686 JLINK_IsHalted()
T413C 045:871.975 - 0.288ms returns FALSE
T413C 045:872.013 JLINK_IsHalted()
T413C 045:872.285 - 0.270ms returns FALSE
T2EE0 045:882.589 JLINK_IsHalted()
T2EE0 045:882.906 - 0.317ms returns FALSE
T2EE0 045:882.962 JLINK_IsHalted()
T2EE0 045:883.167 - 0.204ms returns FALSE
T2EE0 045:991.817 JLINK_IsHalted()
T2EE0 045:992.139 - 0.321ms returns FALSE
T2EE0 045:992.181 JLINK_IsHalted()
T2EE0 045:992.445 - 0.263ms returns FALSE
T2EE0 046:101.292 JLINK_IsHalted()
T2EE0 046:101.630 - 0.337ms returns FALSE
T2EE0 046:101.685 JLINK_IsHalted()
T2EE0 046:101.928 - 0.241ms returns FALSE
T2EE0 046:210.559 JLINK_IsHalted()
T2EE0 046:210.852 - 0.293ms returns FALSE
T2EE0 046:210.906 JLINK_IsHalted()
T2EE0 046:211.091 - 0.184ms returns FALSE
T2EE0 046:320.859 JLINK_IsHalted()
T2EE0 046:321.174 - 0.315ms returns FALSE
T2EE0 046:321.227 JLINK_IsHalted()
T2EE0 046:321.414 - 0.186ms returns FALSE
T2EE0 046:430.076 JLINK_IsHalted()
T2EE0 046:430.390 - 0.314ms returns FALSE
T2EE0 046:430.442 JLINK_IsHalted()
T2EE0 046:430.669 - 0.226ms returns FALSE
T2EE0 046:539.416 JLINK_IsHalted()
T2EE0 046:539.711 - 0.294ms returns FALSE
T2EE0 046:539.770 JLINK_IsHalted()
T2EE0 046:539.998 - 0.227ms returns FALSE
T2EE0 046:648.724 JLINK_IsHalted()
T2EE0 046:649.032 - 0.307ms returns FALSE
T2EE0 046:649.087 JLINK_IsHalted()
T2EE0 046:649.294 - 0.206ms returns FALSE
T2EE0 046:758.148 JLINK_IsHalted()
T2EE0 046:758.499 - 0.350ms returns FALSE
T2EE0 046:758.543 JLINK_IsHalted()
T2EE0 046:758.762 - 0.217ms returns FALSE
T2EE0 046:867.422 JLINK_IsHalted()
T2EE0 046:867.737 - 0.314ms returns FALSE
T2EE0 046:867.789 JLINK_IsHalted()
T2EE0 046:867.964 - 0.173ms returns FALSE
T413C 046:873.697 JLINK_IsHalted()
T413C 046:874.030 - 0.332ms returns FALSE
T413C 046:874.099 JLINK_IsHalted()
T413C 046:874.346 - 0.246ms returns FALSE
T2EE0 046:976.707 JLINK_IsHalted()
T2EE0 046:977.001 - 0.293ms returns FALSE
T2EE0 046:977.053 JLINK_IsHalted()
T2EE0 046:977.236 - 0.181ms returns FALSE
T2EE0 047:086.097 JLINK_IsHalted()
T2EE0 047:086.401 - 0.304ms returns FALSE
T2EE0 047:086.456 JLINK_IsHalted()
T2EE0 047:086.671 - 0.214ms returns FALSE
T2EE0 047:195.461 JLINK_IsHalted()
T2EE0 047:195.818 - 0.356ms returns FALSE
T2EE0 047:195.872 JLINK_IsHalted()
T2EE0 047:196.083 - 0.210ms returns FALSE
T2EE0 047:304.312 JLINK_IsHalted()
T2EE0 047:304.650 - 0.338ms returns FALSE
T2EE0 047:304.706 JLINK_IsHalted()
T2EE0 047:304.908 - 0.201ms returns FALSE
T2EE0 047:414.025 JLINK_IsHalted()
T2EE0 047:414.338 - 0.313ms returns FALSE
T2EE0 047:414.391 JLINK_IsHalted()
T2EE0 047:414.654 - 0.261ms returns FALSE
T2EE0 047:523.216 JLINK_IsHalted()
T2EE0 047:523.568 - 0.351ms returns FALSE
T2EE0 047:523.626 JLINK_IsHalted()
T2EE0 047:523.878 - 0.250ms returns FALSE
T2EE0 047:633.188 JLINK_IsHalted()
T2EE0 047:633.551 - 0.362ms returns FALSE
T2EE0 047:633.625 JLINK_IsHalted()
T2EE0 047:633.890 - 0.264ms returns FALSE
T2EE0 047:742.332 JLINK_IsHalted()
T2EE0 047:742.648 - 0.315ms returns FALSE
T2EE0 047:742.701 JLINK_IsHalted()
T2EE0 047:742.906 - 0.204ms returns FALSE
T2EE0 047:851.610 JLINK_IsHalted()
T2EE0 047:851.915 - 0.304ms returns FALSE
T2EE0 047:851.968 JLINK_IsHalted()
T2EE0 047:852.163 - 0.194ms returns FALSE
T413C 047:874.854 JLINK_IsHalted()
T413C 047:875.149 - 0.295ms returns FALSE
T413C 047:875.195 JLINK_IsHalted()
T413C 047:875.533 - 0.337ms returns FALSE
T2EE0 047:960.828 JLINK_IsHalted()
T2EE0 047:961.170 - 0.342ms returns FALSE
T2EE0 047:961.232 JLINK_IsHalted()
T2EE0 047:961.630 - 0.398ms returns FALSE
T2EE0 048:069.953 JLINK_IsHalted()
T2EE0 048:070.280 - 0.326ms returns FALSE
T2EE0 048:070.333 JLINK_IsHalted()
T2EE0 048:070.517 - 0.183ms returns FALSE
T2EE0 048:179.376 JLINK_IsHalted()
T2EE0 048:179.725 - 0.348ms returns FALSE
T2EE0 048:179.769 JLINK_IsHalted()
T2EE0 048:179.959 - 0.189ms returns FALSE
T2EE0 048:289.617 JLINK_IsHalted()
T2EE0 048:290.013 - 0.396ms returns FALSE
T2EE0 048:290.092 JLINK_IsHalted()
T2EE0 048:290.320 - 0.227ms returns FALSE
T2EE0 048:398.583 JLINK_IsHalted()
T2EE0 048:398.915 - 0.331ms returns FALSE
T2EE0 048:398.975 JLINK_IsHalted()
T2EE0 048:399.178 - 0.202ms returns FALSE
T2EE0 048:507.672 JLINK_IsHalted()
T2EE0 048:507.979 - 0.306ms returns FALSE
T2EE0 048:508.019 JLINK_IsHalted()
T2EE0 048:508.217 - 0.196ms returns FALSE
T2EE0 048:616.856 JLINK_IsHalted()
T2EE0 048:617.176 - 0.319ms returns FALSE
T2EE0 048:617.212 JLINK_IsHalted()
T2EE0 048:617.548 - 0.335ms returns FALSE
T2EE0 048:726.178 JLINK_IsHalted()
T2EE0 048:726.481 - 0.302ms returns FALSE
T2EE0 048:726.535 JLINK_IsHalted()
T2EE0 048:726.716 - 0.180ms returns FALSE
T2EE0 048:836.483 JLINK_IsHalted()
T2EE0 048:836.812 - 0.328ms returns FALSE
T2EE0 048:836.863 JLINK_IsHalted()
T2EE0 048:837.079 - 0.214ms returns FALSE
T413C 048:876.743 JLINK_IsHalted()
T413C 048:877.059 - 0.315ms returns FALSE
T413C 048:877.101 JLINK_IsHalted()
T413C 048:877.285 - 0.183ms returns FALSE
T2EE0 048:945.718 JLINK_IsHalted()
T2EE0 048:946.017 - 0.298ms returns FALSE
T2EE0 048:946.070 JLINK_IsHalted()
T2EE0 048:946.293 - 0.222ms returns FALSE
T2EE0 049:055.035 JLINK_IsHalted()
T2EE0 049:055.341 - 0.306ms returns FALSE
T2EE0 049:055.392 JLINK_IsHalted()
T2EE0 049:055.582 - 0.189ms returns FALSE
T2EE0 049:164.416 JLINK_IsHalted()
T2EE0 049:164.764 - 0.346ms returns FALSE
T2EE0 049:164.872 JLINK_IsHalted()
T2EE0 049:165.174 - 0.301ms returns FALSE
T2EE0 049:273.449 JLINK_IsHalted()
T2EE0 049:273.783 - 0.333ms returns FALSE
T2EE0 049:273.838 JLINK_IsHalted()
T2EE0 049:274.036 - 0.197ms returns FALSE
T2EE0 049:383.088 JLINK_IsHalted()
T2EE0 049:383.398 - 0.310ms returns FALSE
T2EE0 049:383.441 JLINK_IsHalted()
T2EE0 049:383.638 - 0.197ms returns FALSE
T2EE0 049:492.406 JLINK_IsHalted()
T2EE0 049:492.705 - 0.298ms returns FALSE
T2EE0 049:492.757 JLINK_IsHalted()
T2EE0 049:492.963 - 0.205ms returns FALSE
T2EE0 049:601.704 JLINK_IsHalted()
T2EE0 049:602.061 - 0.356ms returns FALSE
T2EE0 049:602.115 JLINK_IsHalted()
T2EE0 049:602.415 - 0.298ms returns FALSE
T2EE0 049:710.911 JLINK_IsHalted()
T2EE0 049:711.278 - 0.366ms returns FALSE
T2EE0 049:711.353 JLINK_IsHalted()
T2EE0 049:711.649 - 0.294ms returns FALSE
T2EE0 049:819.899 JLINK_IsHalted()
T2EE0 049:820.191 - 0.291ms returns FALSE
T2EE0 049:820.270 JLINK_IsHalted()
T2EE0 049:820.480 - 0.209ms returns FALSE
T413C 049:877.094 JLINK_IsHalted()
T413C 049:877.458 - 0.364ms returns FALSE
T413C 049:877.521 JLINK_IsHalted()
T413C 049:877.734 - 0.212ms returns FALSE
T2EE0 049:929.890 JLINK_IsHalted()
T2EE0 049:930.259 - 0.368ms returns FALSE
T2EE0 049:930.327 JLINK_IsHalted()
T2EE0 049:930.562 - 0.233ms returns FALSE
T2EE0 050:038.884 JLINK_IsHalted()
T2EE0 050:039.204 - 0.319ms returns FALSE
T2EE0 050:039.257 JLINK_IsHalted()
T2EE0 050:039.479 - 0.221ms returns FALSE
T2EE0 050:148.765 JLINK_IsHalted()
T2EE0 050:149.064 - 0.298ms returns FALSE
T2EE0 050:149.116 JLINK_IsHalted()
T2EE0 050:149.328 - 0.212ms returns FALSE
T2EE0 050:258.093 JLINK_IsHalted()
T2EE0 050:258.414 - 0.320ms returns FALSE
T2EE0 050:258.467 JLINK_IsHalted()
T2EE0 050:258.716 - 0.248ms returns FALSE
T2EE0 050:366.933 JLINK_IsHalted()
T2EE0 050:367.276 - 0.342ms returns FALSE
T2EE0 050:367.329 JLINK_IsHalted()
T2EE0 050:367.507 - 0.176ms returns FALSE
T2EE0 050:476.351 JLINK_IsHalted()
T2EE0 050:476.665 - 0.313ms returns FALSE
T2EE0 050:476.717 JLINK_IsHalted()
T2EE0 050:476.916 - 0.198ms returns FALSE
T2EE0 050:585.667 JLINK_IsHalted()
T2EE0 050:585.994 - 0.326ms returns FALSE
T2EE0 050:586.051 JLINK_IsHalted()
T2EE0 050:586.228 - 0.177ms returns FALSE
T2EE0 050:694.876 JLINK_IsHalted()
T2EE0 050:695.247 - 0.371ms returns FALSE
T2EE0 050:695.300 JLINK_IsHalted()
T2EE0 050:695.478 - 0.176ms returns FALSE
T2EE0 050:804.926 JLINK_IsHalted()
T2EE0 050:805.277 - 0.350ms returns FALSE
T2EE0 050:805.346 JLINK_IsHalted()
T2EE0 050:805.593 - 0.245ms returns FALSE
T413C 050:878.065 JLINK_IsHalted()
T413C 050:878.379 - 0.313ms returns FALSE
T413C 050:878.421 JLINK_IsHalted()
T413C 050:878.616 - 0.194ms returns FALSE
T2EE0 050:913.954 JLINK_IsHalted()
T2EE0 050:914.322 - 0.367ms returns FALSE
T2EE0 050:914.383 JLINK_IsHalted()
T2EE0 050:914.578 - 0.194ms returns FALSE
T2EE0 051:023.186 JLINK_IsHalted()
T2EE0 051:023.481 - 0.295ms returns FALSE
T2EE0 051:023.535 JLINK_IsHalted()
T2EE0 051:023.759 - 0.223ms returns FALSE
T2EE0 051:132.628 JLINK_IsHalted()
T2EE0 051:132.915 - 0.287ms returns FALSE
T2EE0 051:132.968 JLINK_IsHalted()
T2EE0 051:133.174 - 0.205ms returns FALSE
T2EE0 051:242.254 JLINK_IsHalted()
T2EE0 051:242.635 - 0.381ms returns FALSE
T2EE0 051:242.688 JLINK_IsHalted()
T2EE0 051:242.956 - 0.267ms returns FALSE
T2EE0 051:351.398 JLINK_IsHalted()
T2EE0 051:351.730 - 0.332ms returns FALSE
T2EE0 051:351.783 JLINK_IsHalted()
T2EE0 051:352.006 - 0.222ms returns FALSE
T2EE0 051:460.671 JLINK_IsHalted()
T2EE0 051:461.012 - 0.339ms returns FALSE
T2EE0 051:461.100 JLINK_IsHalted()
T2EE0 051:461.384 - 0.282ms returns FALSE
T2EE0 051:569.985 JLINK_IsHalted()
T2EE0 051:570.286 - 0.300ms returns FALSE
T2EE0 051:570.340 JLINK_IsHalted()
T2EE0 051:570.578 - 0.237ms returns FALSE
T2EE0 051:679.987 JLINK_IsHalted()
T2EE0 051:680.314 - 0.326ms returns FALSE
T2EE0 051:680.370 JLINK_IsHalted()
T2EE0 051:680.599 - 0.228ms returns FALSE
T2EE0 051:789.847 JLINK_IsHalted()
T2EE0 051:790.147 - 0.300ms returns FALSE
T2EE0 051:790.193 JLINK_IsHalted()
T2EE0 051:790.411 - 0.217ms returns FALSE
T413C 051:878.485 JLINK_IsHalted()
T413C 051:878.841 - 0.355ms returns FALSE
T413C 051:878.899 JLINK_IsHalted()
T413C 051:879.131 - 0.230ms returns FALSE
T2EE0 051:898.272 JLINK_IsHalted()
T2EE0 051:898.607 - 0.334ms returns FALSE
T2EE0 051:898.670 JLINK_IsHalted()
T2EE0 051:898.880 - 0.208ms returns FALSE
T2EE0 052:008.264 JLINK_IsHalted()
T2EE0 052:008.600 - 0.335ms returns FALSE
T2EE0 052:008.660 JLINK_IsHalted()
T2EE0 052:008.871 - 0.210ms returns FALSE
T2EE0 052:117.268 JLINK_IsHalted()
T2EE0 052:117.582 - 0.314ms returns FALSE
T2EE0 052:117.634 JLINK_IsHalted()
T2EE0 052:117.915 - 0.280ms returns FALSE
T2EE0 052:226.322 JLINK_IsHalted()
T2EE0 052:226.639 - 0.316ms returns FALSE
T2EE0 052:226.692 JLINK_IsHalted()
T2EE0 052:226.874 - 0.181ms returns FALSE
T2EE0 052:335.659 JLINK_IsHalted()
T2EE0 052:335.987 - 0.327ms returns FALSE
T2EE0 052:336.044 JLINK_IsHalted()
T2EE0 052:336.270 - 0.225ms returns FALSE
T2EE0 052:445.549 JLINK_IsHalted()
T2EE0 052:445.849 - 0.299ms returns FALSE
T2EE0 052:445.903 JLINK_IsHalted()
T2EE0 052:446.130 - 0.226ms returns FALSE
T2EE0 052:555.617 JLINK_IsHalted()
T2EE0 052:555.959 - 0.341ms returns FALSE
T2EE0 052:556.003 JLINK_IsHalted()
T2EE0 052:556.209 - 0.205ms returns FALSE
T2EE0 052:664.084 JLINK_IsHalted()
T2EE0 052:664.364 - 0.279ms returns FALSE
T2EE0 052:664.407 JLINK_IsHalted()
T2EE0 052:664.606 - 0.198ms returns FALSE
T2EE0 052:773.281 JLINK_IsHalted()
T2EE0 052:773.597 - 0.315ms returns FALSE
T2EE0 052:773.639 JLINK_IsHalted()
T2EE0 052:773.926 - 0.286ms returns FALSE
T413C 052:879.883 JLINK_IsHalted()
T413C 052:880.208 - 0.324ms returns FALSE
T413C 052:880.250 JLINK_IsHalted()
T413C 052:880.453 - 0.203ms returns FALSE
T2EE0 052:883.331 JLINK_IsHalted()
T2EE0 052:883.614 - 0.283ms returns FALSE
T2EE0 052:883.664 JLINK_IsHalted()
T2EE0 052:883.849 - 0.184ms returns FALSE
T2EE0 052:991.958 JLINK_IsHalted()
T2EE0 052:992.290 - 0.330ms returns FALSE
T2EE0 052:992.344 JLINK_IsHalted()
T2EE0 052:992.534 - 0.189ms returns FALSE
T2EE0 053:101.146 JLINK_IsHalted()
T2EE0 053:101.478 - 0.331ms returns FALSE
T2EE0 053:101.530 JLINK_IsHalted()
T2EE0 053:101.787 - 0.256ms returns FALSE
T2EE0 053:210.979 JLINK_IsHalted()
T2EE0 053:211.425 - 0.444ms returns FALSE
T2EE0 053:211.511 JLINK_IsHalted()
T2EE0 053:211.755 - 0.243ms returns FALSE
T2EE0 053:320.010 JLINK_IsHalted()
T2EE0 053:320.334 - 0.323ms returns FALSE
T2EE0 053:320.388 JLINK_IsHalted()
T2EE0 053:320.578 - 0.189ms returns FALSE
T2EE0 053:430.188 JLINK_IsHalted()
T2EE0 053:430.530 - 0.342ms returns FALSE
T2EE0 053:430.586 JLINK_IsHalted()
T2EE0 053:430.807 - 0.220ms returns FALSE
T2EE0 053:539.518 JLINK_IsHalted()
T2EE0 053:539.835 - 0.315ms returns FALSE
T2EE0 053:539.892 JLINK_IsHalted()
T2EE0 053:540.081 - 0.188ms returns FALSE
T2EE0 053:648.760 JLINK_IsHalted()
T2EE0 053:649.054 - 0.293ms returns FALSE
T2EE0 053:649.108 JLINK_IsHalted()
T2EE0 053:649.290 - 0.182ms returns FALSE
T2EE0 053:757.922 JLINK_IsHalted()
T2EE0 053:758.263 - 0.340ms returns FALSE
T2EE0 053:758.316 JLINK_IsHalted()
T2EE0 053:758.532 - 0.215ms returns FALSE
T2EE0 053:867.855 JLINK_IsHalted()
T2EE0 053:868.219 - 0.363ms returns FALSE
T2EE0 053:868.261 JLINK_IsHalted()
T2EE0 053:868.503 - 0.241ms returns FALSE
T413C 053:880.360 JLINK_IsHalted()
T413C 053:880.659 - 0.298ms returns FALSE
T413C 053:880.701 JLINK_IsHalted()
T413C 053:880.910 - 0.208ms returns FALSE
T2EE0 053:976.317 JLINK_IsHalted()
T2EE0 053:976.648 - 0.329ms returns FALSE
T2EE0 053:976.700 JLINK_IsHalted()
T2EE0 053:976.875 - 0.174ms returns FALSE
T2EE0 054:085.638 JLINK_IsHalted()
T2EE0 054:085.962 - 0.323ms returns FALSE
T2EE0 054:086.015 JLINK_IsHalted()
T2EE0 054:086.198 - 0.183ms returns FALSE
T2EE0 054:194.901 JLINK_IsHalted()
T2EE0 054:195.205 - 0.304ms returns FALSE
T2EE0 054:195.259 JLINK_IsHalted()
T2EE0 054:195.456 - 0.196ms returns FALSE
T2EE0 054:304.668 JLINK_IsHalted()
T2EE0 054:305.014 - 0.345ms returns FALSE
T2EE0 054:305.074 JLINK_IsHalted()
T2EE0 054:305.294 - 0.218ms returns FALSE
T064C 054:850.909 JLINK_Halt()
T064C 054:853.616 - 2.705ms returns 0x00
T064C 054:853.712 JLINK_ReadRegs_64(NumRegs = 1, Indexes: 
T064C 054:853.739   41)
T064C 054:853.786    -- CPSR=0x400003CD
T064C 054:853.823 - 0.110ms returns 0
T064C 054:860.977 JLINK_Close()
T064C 054:873.229 - 12.250ms
T064C 054:873.355   
T064C 054:873.391   Closed
